#! /c/Source/iverilog-install/bin/vvp
:ivl_version "12.0 (devel)" "(s20150603-1110-g18392a46)";
:ivl_delay_selection "TYPICAL";
:vpi_time_precision + 0;
:vpi_module "C:\iverilog\lib\ivl\system.vpi";
:vpi_module "C:\iverilog\lib\ivl\vhdl_sys.vpi";
:vpi_module "C:\iverilog\lib\ivl\vhdl_textio.vpi";
:vpi_module "C:\iverilog\lib\ivl\v2005_math.vpi";
:vpi_module "C:\iverilog\lib\ivl\va_math.vpi";
S_0000023f5e844440 .scope module, "core" "core" 2 1;
 .timescale 0 0;
    .port_info 0 /INPUT 1 "clk";
    .port_info 1 /INPUT 1 "rst";
    .port_info 2 /INPUT 32 "instruction";
    .port_info 3 /INPUT 32 "pc";
    .port_info 4 /INPUT 32 "read_data";
    .port_info 5 /OUTPUT 32 "memory_address";
    .port_info 6 /OUTPUT 32 "data_to_write";
    .port_info 7 /OUTPUT 3 "func3";
    .port_info 8 /OUTPUT 1 "write_data";
    .port_info 9 /OUTPUT 32 "next_pc";
    .port_info 10 /OUTPUT 32 "A";
    .port_info 11 /OUTPUT 32 "B";
    .port_info 12 /OUTPUT 32 "C";
    .port_info 13 /OUTPUT 32 "ins";
    .port_info 14 /OUTPUT 32 "D";
L_0000023f5e8993d0 .functor BUFZ 32, L_0000023f5e898db0, C4<00000000000000000000000000000000>, C4<00000000000000000000000000000000>, C4<00000000000000000000000000000000>;
L_0000023f5e898fe0 .functor BUFZ 32, v0000023f5e8a4020_0, C4<00000000000000000000000000000000>, C4<00000000000000000000000000000000>, C4<00000000000000000000000000000000>;
L_0000023f5e8988e0 .functor BUFZ 32, v0000023f5e8a57e0_0, C4<00000000000000000000000000000000>, C4<00000000000000000000000000000000>, C4<00000000000000000000000000000000>;
L_0000023f5e898950 .functor BUFZ 32, v0000023f5e8a4de0_0, C4<00000000000000000000000000000000>, C4<00000000000000000000000000000000>, C4<00000000000000000000000000000000>;
L_0000023f5e8989c0 .functor BUFZ 1, v0000023f5e8fd970_0, C4<0>, C4<0>, C4<0>;
L_0000023f5e8992f0 .functor BUFZ 32, v0000023f5e8a4520_0, C4<00000000000000000000000000000000>, C4<00000000000000000000000000000000>, C4<00000000000000000000000000000000>;
L_0000023f5e898a30 .functor BUFZ 32, L_0000023f5e899360, C4<00000000000000000000000000000000>, C4<00000000000000000000000000000000>, C4<00000000000000000000000000000000>;
L_0000023f5e898b80 .functor BUFZ 32, v0000023f5e8a5600_0, C4<00000000000000000000000000000000>, C4<00000000000000000000000000000000>, C4<00000000000000000000000000000000>;
L_0000023f5e898bf0 .functor BUFZ 32, L_0000023f5e901b10, C4<00000000000000000000000000000000>, C4<00000000000000000000000000000000>, C4<00000000000000000000000000000000>;
v0000023f5e8fdc90_0 .net "A", 31 0, L_0000023f5e8993d0;  1 drivers
v0000023f5e8fced0_0 .net "Aout", 31 0, v0000023f5e8a5600_0;  1 drivers
v0000023f5e8fde70_0 .net "B", 31 0, L_0000023f5e898fe0;  1 drivers
v0000023f5e8fc390_0 .net "C", 31 0, L_0000023f5e8988e0;  1 drivers
v0000023f5e8fc570_0 .net "D", 31 0, L_0000023f5e898bf0;  1 drivers
v0000023f5e8fcf70_0 .net "Dwe", 0 0, v0000023f5e8fd970_0;  1 drivers
v0000023f5e8fc610_0 .net "RD", 31 0, L_0000023f5e901b10;  1 drivers
v0000023f5e8fc6b0_0 .net "Rwe", 0 0, v0000023f5e8fd3d0_0;  1 drivers
v0000023f5e8fc7f0_0 .net "SrcB", 31 0, v0000023f5e8a47a0_0;  1 drivers
v0000023f5e8fc890_0 .net "WD3", 31 0, v0000023f5e8fc1b0_0;  1 drivers
v0000023f5e8fc930_0 .net "aluSrc", 0 0, v0000023f5e8fd0b0_0;  1 drivers
v0000023f5e8fc9d0_0 .net "aluctr", 3 0, v0000023f5e8fddd0_0;  1 drivers
o0000023f5e8a62c8 .functor BUFZ 1, C4<z>; HiZ drive
v0000023f5e8fcb10_0 .net "clk", 0 0, o0000023f5e8a62c8;  0 drivers
v0000023f5e9011b0_0 .net "data_to_write", 31 0, L_0000023f5e898a30;  1 drivers
v0000023f5e901390_0 .net "ext", 31 0, v0000023f5e8a4020_0;  1 drivers
v0000023f5e901ed0_0 .net "func3", 2 0, L_0000023f5e901c50;  1 drivers
v0000023f5e900990_0 .net "immsrc", 2 0, v0000023f5e8fd790_0;  1 drivers
v0000023f5e900490_0 .net "inA", 31 0, L_0000023f5e898db0;  1 drivers
v0000023f5e9012f0_0 .net "inB", 31 0, v0000023f5e8fcd90_0;  1 drivers
v0000023f5e901750_0 .net "ins", 31 0, L_0000023f5e898950;  1 drivers
v0000023f5e901110_0 .net "instr", 31 0, v0000023f5e8a4de0_0;  1 drivers
o0000023f5e8a8398 .functor BUFZ 32, C4<zzzzzzzzzzzzzzzzzzzzzzzzzzzzzzzz>; HiZ drive
v0000023f5e901a70_0 .net "instruction", 31 0, o0000023f5e8a8398;  0 drivers
v0000023f5e900670_0 .net "memory_address", 31 0, L_0000023f5e898b80;  1 drivers
v0000023f5e901610_0 .net "muxB", 31 0, L_0000023f5e899360;  1 drivers
v0000023f5e900210_0 .net "next_pc", 31 0, L_0000023f5e8992f0;  1 drivers
o0000023f5e8a8428 .functor BUFZ 32, C4<zzzzzzzzzzzzzzzzzzzzzzzzzzzzzzzz>; HiZ drive
v0000023f5e9019d0_0 .net "pc", 31 0, o0000023f5e8a8428;  0 drivers
v0000023f5e900170_0 .net "pcSrc", 1 0, v0000023f5e8fc4d0_0;  1 drivers
v0000023f5e900f30_0 .net "pcnex", 31 0, v0000023f5e8a57e0_0;  1 drivers
v0000023f5e901f70_0 .net "pcplus", 31 0, v0000023f5e8a4520_0;  1 drivers
v0000023f5e9005d0_0 .net "pcsh", 31 0, v0000023f5e8a4980_0;  1 drivers
v0000023f5e9000d0_0 .net "pctar", 31 0, v0000023f5e8a51a0_0;  1 drivers
o0000023f5e8a8458 .functor BUFZ 32, C4<zzzzzzzzzzzzzzzzzzzzzzzzzzzzzzzz>; HiZ drive
v0000023f5e9016b0_0 .net "read_data", 31 0, o0000023f5e8a8458;  0 drivers
v0000023f5e900e90_0 .net "resultsrc", 0 0, v0000023f5e8fc110_0;  1 drivers
o0000023f5e8a6a18 .functor BUFZ 1, C4<z>; HiZ drive
v0000023f5e9002b0_0 .net "rst", 0 0, o0000023f5e8a6a18;  0 drivers
o0000023f5e8a7a68 .functor BUFZ 1, C4<z>; HiZ drive
v0000023f5e901bb0_0 .net "stat", 0 0, o0000023f5e8a7a68;  0 drivers
v0000023f5e900850_0 .net "write_data", 0 0, L_0000023f5e8989c0;  1 drivers
v0000023f5e901250_0 .net "zer", 0 0, v0000023f5e8fcbb0_0;  1 drivers
v0000023f5e900710_0 .net "zero", 0 0, v0000023f5e8a45c0_0;  1 drivers
L_0000023f5e901c50 .part v0000023f5e8a4de0_0, 12, 3;
L_0000023f5e901430 .part v0000023f5e8a4de0_0, 0, 7;
L_0000023f5e9017f0 .part v0000023f5e8a4de0_0, 12, 3;
L_0000023f5e900c10 .part v0000023f5e8a4de0_0, 25, 7;
L_0000023f5e901890 .part v0000023f5e8a4de0_0, 15, 5;
L_0000023f5e900cb0 .part v0000023f5e8a4de0_0, 20, 5;
L_0000023f5e901070 .part v0000023f5e8a4de0_0, 7, 5;
S_0000023f5e895d30 .scope module, "AluIn" "mux32bit2_1" 2 93, 2 413 0, S_0000023f5e844440;
 .timescale 0 0;
    .port_info 0 /INPUT 32 "in1";
    .port_info 1 /INPUT 32 "in2";
    .port_info 2 /INPUT 1 "select";
    .port_info 3 /OUTPUT 32 "out";
v0000023f5e8a4200_0 .net "in1", 31 0, L_0000023f5e899360;  alias, 1 drivers
v0000023f5e8a4fc0_0 .net "in2", 31 0, v0000023f5e8a4020_0;  alias, 1 drivers
v0000023f5e8a47a0_0 .var "out", 31 0;
v0000023f5e8a3a80_0 .net "select", 0 0, v0000023f5e8fd0b0_0;  alias, 1 drivers
E_0000023f5e89e440 .event anyedge, v0000023f5e8a3a80_0, v0000023f5e8a4fc0_0, v0000023f5e8a4200_0;
S_0000023f5e895ec0 .scope module, "PC" "PCreg" 2 50, 2 217 0, S_0000023f5e844440;
 .timescale 0 0;
    .port_info 0 /INPUT 1 "clk";
    .port_info 1 /INPUT 32 "pcreg";
    .port_info 2 /OUTPUT 32 "out";
v0000023f5e8a5560_0 .var "PC", 31 0;
v0000023f5e8a56a0_0 .net "clk", 0 0, o0000023f5e8a62c8;  alias, 0 drivers
v0000023f5e8a57e0_0 .var "out", 31 0;
v0000023f5e8a4840_0 .net "pcreg", 31 0, v0000023f5e8a4980_0;  alias, 1 drivers
E_0000023f5e89e780 .event posedge, v0000023f5e8a56a0_0;
S_0000023f5e874990 .scope module, "PCnext" "mux32bit4_1" 2 55, 2 423 0, S_0000023f5e844440;
 .timescale 0 0;
    .port_info 0 /INPUT 32 "in1";
    .port_info 1 /INPUT 32 "in2";
    .port_info 2 /INPUT 32 "in3";
    .port_info 3 /INPUT 32 "in4";
    .port_info 4 /INPUT 2 "select";
    .port_info 5 /OUTPUT 32 "out";
v0000023f5e8a4f20_0 .net "in1", 31 0, v0000023f5e8a4520_0;  alias, 1 drivers
v0000023f5e8a4a20_0 .net "in2", 31 0, v0000023f5e8a51a0_0;  alias, 1 drivers
v0000023f5e8a4480_0 .net "in3", 31 0, v0000023f5e8a5600_0;  alias, 1 drivers
o0000023f5e8a6478 .functor BUFZ 32, C4<zzzzzzzzzzzzzzzzzzzzzzzzzzzzzzzz>; HiZ drive
v0000023f5e8a42a0_0 .net "in4", 31 0, o0000023f5e8a6478;  0 drivers
v0000023f5e8a4980_0 .var "out", 31 0;
v0000023f5e8a5060_0 .net "select", 1 0, v0000023f5e8fc4d0_0;  alias, 1 drivers
E_0000023f5e89dec0/0 .event anyedge, v0000023f5e8a5060_0, v0000023f5e8a4f20_0, v0000023f5e8a4a20_0, v0000023f5e8a4480_0;
E_0000023f5e89dec0/1 .event anyedge, v0000023f5e8a42a0_0;
E_0000023f5e89dec0 .event/or E_0000023f5e89dec0/0, E_0000023f5e89dec0/1;
S_0000023f5e874b20 .scope module, "PCplus" "PCalu" 2 62, 2 153 0, S_0000023f5e844440;
 .timescale 0 0;
    .port_info 0 /INPUT 32 "pc";
    .port_info 1 /INPUT 32 "imm";
    .port_info 2 /OUTPUT 32 "targetpc";
L_0000023f5e902098 .functor BUFT 1, C4<00000000000000000000000000000001>, C4<0>, C4<0>, C4<0>;
v0000023f5e8a4660_0 .net "imm", 31 0, L_0000023f5e902098;  1 drivers
v0000023f5e8a5100_0 .net "pc", 31 0, v0000023f5e8a57e0_0;  alias, 1 drivers
v0000023f5e8a4520_0 .var "targetpc", 31 0;
E_0000023f5e89e2c0 .event anyedge, v0000023f5e8a57e0_0, v0000023f5e8a4660_0;
S_0000023f5e874cb0 .scope module, "PCtarget" "PCalu" 2 67, 2 153 0, S_0000023f5e844440;
 .timescale 0 0;
    .port_info 0 /INPUT 32 "pc";
    .port_info 1 /INPUT 32 "imm";
    .port_info 2 /OUTPUT 32 "targetpc";
v0000023f5e8a3b20_0 .net "imm", 31 0, v0000023f5e8a4020_0;  alias, 1 drivers
v0000023f5e8a3ee0_0 .net "pc", 31 0, v0000023f5e8a57e0_0;  alias, 1 drivers
v0000023f5e8a51a0_0 .var "targetpc", 31 0;
E_0000023f5e89e140 .event anyedge, v0000023f5e8a57e0_0, v0000023f5e8a4fc0_0;
S_0000023f5e86a200 .scope module, "alu" "ALU" 2 99, 2 130 0, S_0000023f5e844440;
 .timescale 0 0;
    .port_info 0 /INPUT 4 "ALUop";
    .port_info 1 /INPUT 32 "ALUinA";
    .port_info 2 /INPUT 32 "ALUinB";
    .port_info 3 /OUTPUT 32 "ALUOut";
    .port_info 4 /OUTPUT 1 "Zero";
v0000023f5e8a5600_0 .var "ALUOut", 31 0;
v0000023f5e8a4e80_0 .net "ALUinA", 31 0, L_0000023f5e898db0;  alias, 1 drivers
v0000023f5e8a5240_0 .net "ALUinB", 31 0, v0000023f5e8a47a0_0;  alias, 1 drivers
v0000023f5e8a5420_0 .net "ALUop", 3 0, v0000023f5e8fddd0_0;  alias, 1 drivers
v0000023f5e8a45c0_0 .var "Zero", 0 0;
E_0000023f5e89e880 .event anyedge, v0000023f5e8a5420_0, v0000023f5e8a4e80_0, v0000023f5e8a47a0_0, v0000023f5e8a4480_0;
S_0000023f5e86a390 .scope module, "datamem" "data_memory" 2 112, 2 194 0, S_0000023f5e844440;
 .timescale 0 0;
    .port_info 0 /INPUT 1 "clk";
    .port_info 1 /INPUT 1 "rst_n";
    .port_info 2 /INPUT 32 "addr";
    .port_info 3 /INPUT 32 "data_in";
    .port_info 4 /INPUT 1 "we";
    .port_info 5 /OUTPUT 32 "data_out";
v0000023f5e8a48e0_0 .net *"_ivl_0", 31 0, L_0000023f5e900d50;  1 drivers
v0000023f5e8a52e0_0 .net *"_ivl_3", 5 0, L_0000023f5e9003f0;  1 drivers
v0000023f5e8a3940_0 .net *"_ivl_4", 7 0, L_0000023f5e900df0;  1 drivers
L_0000023f5e902170 .functor BUFT 1, C4<00>, C4<0>, C4<0>, C4<0>;
v0000023f5e8a5740_0 .net *"_ivl_7", 1 0, L_0000023f5e902170;  1 drivers
v0000023f5e8a4b60_0 .net *"_ivl_8", 31 0, L_0000023f5e900530;  1 drivers
v0000023f5e8a3bc0_0 .net "addr", 31 0, v0000023f5e8a5600_0;  alias, 1 drivers
v0000023f5e8a3c60_0 .net "clk", 0 0, o0000023f5e8a62c8;  alias, 0 drivers
v0000023f5e8a3d00_0 .net "data_in", 31 0, L_0000023f5e899360;  alias, 1 drivers
v0000023f5e8a3da0_0 .net "data_out", 31 0, L_0000023f5e901b10;  alias, 1 drivers
v0000023f5e8a3e40_0 .var/i "i", 31 0;
v0000023f5e8a4c00 .array "memory", 63 0, 31 0;
v0000023f5e8a43e0_0 .net "rst_n", 0 0, o0000023f5e8a6a18;  alias, 0 drivers
v0000023f5e8a3f80_0 .net "we", 0 0, v0000023f5e8fd970_0;  alias, 1 drivers
E_0000023f5e89da00/0 .event negedge, v0000023f5e8a43e0_0;
E_0000023f5e89da00/1 .event posedge, v0000023f5e8a56a0_0;
E_0000023f5e89da00 .event/or E_0000023f5e89da00/0, E_0000023f5e89da00/1;
L_0000023f5e900d50 .array/port v0000023f5e8a4c00, L_0000023f5e900df0;
L_0000023f5e9003f0 .part v0000023f5e8a5600_0, 0, 6;
L_0000023f5e900df0 .concat [ 6 2 0 0], L_0000023f5e9003f0, L_0000023f5e902170;
L_0000023f5e900530 .array/port v0000023f5e8a4c00, v0000023f5e8a5600_0;
L_0000023f5e901b10 .functor MUXZ 32, L_0000023f5e900530, L_0000023f5e900d50, v0000023f5e8fd970_0, C4<>;
S_0000023f5e86a520 .scope module, "extend" "extender" 2 88, 2 163 0, S_0000023f5e844440;
 .timescale 0 0;
    .port_info 0 /INPUT 3 "typ";
    .port_info 1 /INPUT 32 "num";
    .port_info 2 /OUTPUT 32 "out";
v0000023f5e8a40c0_0 .net "num", 31 0, v0000023f5e8a4de0_0;  alias, 1 drivers
v0000023f5e8a4020_0 .var "out", 31 0;
v0000023f5e8a4160_0 .net "typ", 2 0, v0000023f5e8fd790_0;  alias, 1 drivers
v0000023f5e8a4340_0 .var "val", 11 0;
E_0000023f5e89f600 .event anyedge, v0000023f5e8a4160_0, v0000023f5e8a40c0_0, v0000023f5e8a4340_0;
S_0000023f5e8838c0 .scope module, "insmem" "instruction_memory" 2 72, 2 238 0, S_0000023f5e844440;
 .timescale 0 0;
    .port_info 0 /INPUT 32 "addr";
    .port_info 1 /OUTPUT 32 "rd";
v0000023f5e8a4ca0 .array "RAM", 63 0, 31 0;
v0000023f5e8a4d40_0 .net "addr", 31 0, v0000023f5e8a57e0_0;  alias, 1 drivers
v0000023f5e8a4de0_0 .var "rd", 31 0;
v0000023f5e8a4ca0_0 .array/port v0000023f5e8a4ca0, 0;
v0000023f5e8a4ca0_1 .array/port v0000023f5e8a4ca0, 1;
v0000023f5e8a4ca0_2 .array/port v0000023f5e8a4ca0, 2;
E_0000023f5e89f580/0 .event anyedge, v0000023f5e8a57e0_0, v0000023f5e8a4ca0_0, v0000023f5e8a4ca0_1, v0000023f5e8a4ca0_2;
v0000023f5e8a4ca0_3 .array/port v0000023f5e8a4ca0, 3;
v0000023f5e8a4ca0_4 .array/port v0000023f5e8a4ca0, 4;
v0000023f5e8a4ca0_5 .array/port v0000023f5e8a4ca0, 5;
v0000023f5e8a4ca0_6 .array/port v0000023f5e8a4ca0, 6;
E_0000023f5e89f580/1 .event anyedge, v0000023f5e8a4ca0_3, v0000023f5e8a4ca0_4, v0000023f5e8a4ca0_5, v0000023f5e8a4ca0_6;
v0000023f5e8a4ca0_7 .array/port v0000023f5e8a4ca0, 7;
v0000023f5e8a4ca0_8 .array/port v0000023f5e8a4ca0, 8;
v0000023f5e8a4ca0_9 .array/port v0000023f5e8a4ca0, 9;
v0000023f5e8a4ca0_10 .array/port v0000023f5e8a4ca0, 10;
E_0000023f5e89f580/2 .event anyedge, v0000023f5e8a4ca0_7, v0000023f5e8a4ca0_8, v0000023f5e8a4ca0_9, v0000023f5e8a4ca0_10;
v0000023f5e8a4ca0_11 .array/port v0000023f5e8a4ca0, 11;
v0000023f5e8a4ca0_12 .array/port v0000023f5e8a4ca0, 12;
v0000023f5e8a4ca0_13 .array/port v0000023f5e8a4ca0, 13;
v0000023f5e8a4ca0_14 .array/port v0000023f5e8a4ca0, 14;
E_0000023f5e89f580/3 .event anyedge, v0000023f5e8a4ca0_11, v0000023f5e8a4ca0_12, v0000023f5e8a4ca0_13, v0000023f5e8a4ca0_14;
v0000023f5e8a4ca0_15 .array/port v0000023f5e8a4ca0, 15;
v0000023f5e8a4ca0_16 .array/port v0000023f5e8a4ca0, 16;
v0000023f5e8a4ca0_17 .array/port v0000023f5e8a4ca0, 17;
v0000023f5e8a4ca0_18 .array/port v0000023f5e8a4ca0, 18;
E_0000023f5e89f580/4 .event anyedge, v0000023f5e8a4ca0_15, v0000023f5e8a4ca0_16, v0000023f5e8a4ca0_17, v0000023f5e8a4ca0_18;
v0000023f5e8a4ca0_19 .array/port v0000023f5e8a4ca0, 19;
v0000023f5e8a4ca0_20 .array/port v0000023f5e8a4ca0, 20;
v0000023f5e8a4ca0_21 .array/port v0000023f5e8a4ca0, 21;
v0000023f5e8a4ca0_22 .array/port v0000023f5e8a4ca0, 22;
E_0000023f5e89f580/5 .event anyedge, v0000023f5e8a4ca0_19, v0000023f5e8a4ca0_20, v0000023f5e8a4ca0_21, v0000023f5e8a4ca0_22;
v0000023f5e8a4ca0_23 .array/port v0000023f5e8a4ca0, 23;
v0000023f5e8a4ca0_24 .array/port v0000023f5e8a4ca0, 24;
v0000023f5e8a4ca0_25 .array/port v0000023f5e8a4ca0, 25;
v0000023f5e8a4ca0_26 .array/port v0000023f5e8a4ca0, 26;
E_0000023f5e89f580/6 .event anyedge, v0000023f5e8a4ca0_23, v0000023f5e8a4ca0_24, v0000023f5e8a4ca0_25, v0000023f5e8a4ca0_26;
v0000023f5e8a4ca0_27 .array/port v0000023f5e8a4ca0, 27;
v0000023f5e8a4ca0_28 .array/port v0000023f5e8a4ca0, 28;
v0000023f5e8a4ca0_29 .array/port v0000023f5e8a4ca0, 29;
v0000023f5e8a4ca0_30 .array/port v0000023f5e8a4ca0, 30;
E_0000023f5e89f580/7 .event anyedge, v0000023f5e8a4ca0_27, v0000023f5e8a4ca0_28, v0000023f5e8a4ca0_29, v0000023f5e8a4ca0_30;
v0000023f5e8a4ca0_31 .array/port v0000023f5e8a4ca0, 31;
v0000023f5e8a4ca0_32 .array/port v0000023f5e8a4ca0, 32;
v0000023f5e8a4ca0_33 .array/port v0000023f5e8a4ca0, 33;
v0000023f5e8a4ca0_34 .array/port v0000023f5e8a4ca0, 34;
E_0000023f5e89f580/8 .event anyedge, v0000023f5e8a4ca0_31, v0000023f5e8a4ca0_32, v0000023f5e8a4ca0_33, v0000023f5e8a4ca0_34;
v0000023f5e8a4ca0_35 .array/port v0000023f5e8a4ca0, 35;
v0000023f5e8a4ca0_36 .array/port v0000023f5e8a4ca0, 36;
v0000023f5e8a4ca0_37 .array/port v0000023f5e8a4ca0, 37;
v0000023f5e8a4ca0_38 .array/port v0000023f5e8a4ca0, 38;
E_0000023f5e89f580/9 .event anyedge, v0000023f5e8a4ca0_35, v0000023f5e8a4ca0_36, v0000023f5e8a4ca0_37, v0000023f5e8a4ca0_38;
v0000023f5e8a4ca0_39 .array/port v0000023f5e8a4ca0, 39;
v0000023f5e8a4ca0_40 .array/port v0000023f5e8a4ca0, 40;
v0000023f5e8a4ca0_41 .array/port v0000023f5e8a4ca0, 41;
v0000023f5e8a4ca0_42 .array/port v0000023f5e8a4ca0, 42;
E_0000023f5e89f580/10 .event anyedge, v0000023f5e8a4ca0_39, v0000023f5e8a4ca0_40, v0000023f5e8a4ca0_41, v0000023f5e8a4ca0_42;
v0000023f5e8a4ca0_43 .array/port v0000023f5e8a4ca0, 43;
v0000023f5e8a4ca0_44 .array/port v0000023f5e8a4ca0, 44;
v0000023f5e8a4ca0_45 .array/port v0000023f5e8a4ca0, 45;
v0000023f5e8a4ca0_46 .array/port v0000023f5e8a4ca0, 46;
E_0000023f5e89f580/11 .event anyedge, v0000023f5e8a4ca0_43, v0000023f5e8a4ca0_44, v0000023f5e8a4ca0_45, v0000023f5e8a4ca0_46;
v0000023f5e8a4ca0_47 .array/port v0000023f5e8a4ca0, 47;
v0000023f5e8a4ca0_48 .array/port v0000023f5e8a4ca0, 48;
v0000023f5e8a4ca0_49 .array/port v0000023f5e8a4ca0, 49;
v0000023f5e8a4ca0_50 .array/port v0000023f5e8a4ca0, 50;
E_0000023f5e89f580/12 .event anyedge, v0000023f5e8a4ca0_47, v0000023f5e8a4ca0_48, v0000023f5e8a4ca0_49, v0000023f5e8a4ca0_50;
v0000023f5e8a4ca0_51 .array/port v0000023f5e8a4ca0, 51;
v0000023f5e8a4ca0_52 .array/port v0000023f5e8a4ca0, 52;
v0000023f5e8a4ca0_53 .array/port v0000023f5e8a4ca0, 53;
v0000023f5e8a4ca0_54 .array/port v0000023f5e8a4ca0, 54;
E_0000023f5e89f580/13 .event anyedge, v0000023f5e8a4ca0_51, v0000023f5e8a4ca0_52, v0000023f5e8a4ca0_53, v0000023f5e8a4ca0_54;
v0000023f5e8a4ca0_55 .array/port v0000023f5e8a4ca0, 55;
v0000023f5e8a4ca0_56 .array/port v0000023f5e8a4ca0, 56;
v0000023f5e8a4ca0_57 .array/port v0000023f5e8a4ca0, 57;
v0000023f5e8a4ca0_58 .array/port v0000023f5e8a4ca0, 58;
E_0000023f5e89f580/14 .event anyedge, v0000023f5e8a4ca0_55, v0000023f5e8a4ca0_56, v0000023f5e8a4ca0_57, v0000023f5e8a4ca0_58;
v0000023f5e8a4ca0_59 .array/port v0000023f5e8a4ca0, 59;
v0000023f5e8a4ca0_60 .array/port v0000023f5e8a4ca0, 60;
v0000023f5e8a4ca0_61 .array/port v0000023f5e8a4ca0, 61;
v0000023f5e8a4ca0_62 .array/port v0000023f5e8a4ca0, 62;
E_0000023f5e89f580/15 .event anyedge, v0000023f5e8a4ca0_59, v0000023f5e8a4ca0_60, v0000023f5e8a4ca0_61, v0000023f5e8a4ca0_62;
v0000023f5e8a4ca0_63 .array/port v0000023f5e8a4ca0, 63;
E_0000023f5e89f580/16 .event anyedge, v0000023f5e8a4ca0_63;
E_0000023f5e89f580 .event/or E_0000023f5e89f580/0, E_0000023f5e89f580/1, E_0000023f5e89f580/2, E_0000023f5e89f580/3, E_0000023f5e89f580/4, E_0000023f5e89f580/5, E_0000023f5e89f580/6, E_0000023f5e89f580/7, E_0000023f5e89f580/8, E_0000023f5e89f580/9, E_0000023f5e89f580/10, E_0000023f5e89f580/11, E_0000023f5e89f580/12, E_0000023f5e89f580/13, E_0000023f5e89f580/14, E_0000023f5e89f580/15, E_0000023f5e89f580/16;
S_0000023f5e881570 .scope module, "muxD" "mux32bit2_1" 2 120, 2 413 0, S_0000023f5e844440;
 .timescale 0 0;
    .port_info 0 /INPUT 32 "in1";
    .port_info 1 /INPUT 32 "in2";
    .port_info 2 /INPUT 1 "select";
    .port_info 3 /OUTPUT 32 "out";
v0000023f5e88e660_0 .net "in1", 31 0, v0000023f5e8a5600_0;  alias, 1 drivers
v0000023f5e88ef20_0 .net "in2", 31 0, L_0000023f5e901b10;  alias, 1 drivers
v0000023f5e8fc1b0_0 .var "out", 31 0;
v0000023f5e8fd510_0 .net "select", 0 0, v0000023f5e8fc110_0;  alias, 1 drivers
E_0000023f5e89f5c0 .event anyedge, v0000023f5e8fd510_0, v0000023f5e8a3da0_0, v0000023f5e8a4480_0;
S_0000023f5e8586f0 .scope module, "muxRTA" "mux32bit2_1" 2 106, 2 413 0, S_0000023f5e844440;
 .timescale 0 0;
    .port_info 0 /INPUT 32 "in1";
    .port_info 1 /INPUT 32 "in2";
    .port_info 2 /INPUT 1 "select";
    .port_info 3 /OUTPUT 32 "out";
v0000023f5e8fc250_0 .net "in1", 31 0, L_0000023f5e899360;  alias, 1 drivers
v0000023f5e8fdd30_0 .net "in2", 31 0, v0000023f5e8a4020_0;  alias, 1 drivers
v0000023f5e8fcd90_0 .var "out", 31 0;
v0000023f5e8fdbf0_0 .net "select", 0 0, o0000023f5e8a7a68;  alias, 0 drivers
E_0000023f5e89f440 .event anyedge, v0000023f5e8fdbf0_0, v0000023f5e8a4fc0_0, v0000023f5e8a4200_0;
S_0000023f5e858880 .scope module, "reg_file" "regfile" 2 77, 2 264 0, S_0000023f5e844440;
 .timescale 0 0;
    .port_info 0 /INPUT 1 "clk";
    .port_info 1 /INPUT 1 "rst_n";
    .port_info 2 /INPUT 1 "we";
    .port_info 3 /INPUT 5 "rs1";
    .port_info 4 /INPUT 5 "rs2";
    .port_info 5 /INPUT 5 "rs3";
    .port_info 6 /INPUT 32 "data_in";
    .port_info 7 /OUTPUT 32 "data_out1";
    .port_info 8 /OUTPUT 32 "data_out2";
L_0000023f5e898db0 .functor BUFZ 32, L_0000023f5e9014d0, C4<00000000000000000000000000000000>, C4<00000000000000000000000000000000>, C4<00000000000000000000000000000000>;
L_0000023f5e899360 .functor BUFZ 32, L_0000023f5e900350, C4<00000000000000000000000000000000>, C4<00000000000000000000000000000000>, C4<00000000000000000000000000000000>;
v0000023f5e8fd470_0 .net *"_ivl_0", 31 0, L_0000023f5e9014d0;  1 drivers
v0000023f5e8fda10_0 .net *"_ivl_10", 6 0, L_0000023f5e901cf0;  1 drivers
L_0000023f5e902128 .functor BUFT 1, C4<00>, C4<0>, C4<0>, C4<0>;
v0000023f5e8fd8d0_0 .net *"_ivl_13", 1 0, L_0000023f5e902128;  1 drivers
v0000023f5e8fd290_0 .net *"_ivl_2", 6 0, L_0000023f5e900fd0;  1 drivers
L_0000023f5e9020e0 .functor BUFT 1, C4<00>, C4<0>, C4<0>, C4<0>;
v0000023f5e8fd5b0_0 .net *"_ivl_5", 1 0, L_0000023f5e9020e0;  1 drivers
v0000023f5e8fc430_0 .net *"_ivl_8", 31 0, L_0000023f5e900350;  1 drivers
v0000023f5e8fd650_0 .net "clk", 0 0, o0000023f5e8a62c8;  alias, 0 drivers
v0000023f5e8fd6f0_0 .net "data_in", 31 0, v0000023f5e8fc1b0_0;  alias, 1 drivers
v0000023f5e8fdf10_0 .net "data_out1", 31 0, L_0000023f5e898db0;  alias, 1 drivers
v0000023f5e8fd150_0 .net "data_out2", 31 0, L_0000023f5e899360;  alias, 1 drivers
v0000023f5e8fcc50_0 .var/i "i", 31 0;
v0000023f5e8fca70 .array "reg_file", 0 31, 31 0;
v0000023f5e8fc2f0_0 .net "rs1", 4 0, L_0000023f5e901890;  1 drivers
v0000023f5e8fdab0_0 .net "rs2", 4 0, L_0000023f5e900cb0;  1 drivers
v0000023f5e8fd330_0 .net "rs3", 4 0, L_0000023f5e901070;  1 drivers
v0000023f5e8fd010_0 .net "rst_n", 0 0, o0000023f5e8a6a18;  alias, 0 drivers
v0000023f5e8fdb50_0 .net "we", 0 0, v0000023f5e8fd3d0_0;  alias, 1 drivers
L_0000023f5e9014d0 .array/port v0000023f5e8fca70, L_0000023f5e900fd0;
L_0000023f5e900fd0 .concat [ 5 2 0 0], L_0000023f5e901890, L_0000023f5e9020e0;
L_0000023f5e900350 .array/port v0000023f5e8fca70, L_0000023f5e901cf0;
L_0000023f5e901cf0 .concat [ 5 2 0 0], L_0000023f5e900cb0, L_0000023f5e902128;
S_0000023f5e858a10 .scope module, "rv32i" "rv32i_controller" 2 36, 2 297 0, S_0000023f5e844440;
 .timescale 0 0;
    .port_info 0 /INPUT 7 "opcode";
    .port_info 1 /INPUT 3 "func3";
    .port_info 2 /INPUT 7 "func7";
    .port_info 3 /INPUT 1 "zero";
    .port_info 4 /OUTPUT 1 "regWrite";
    .port_info 5 /OUTPUT 1 "memWrite";
    .port_info 6 /OUTPUT 4 "aluOp";
    .port_info 7 /OUTPUT 3 "extO";
    .port_info 8 /OUTPUT 1 "aluSrc";
    .port_info 9 /OUTPUT 2 "pcsrc";
    .port_info 10 /OUTPUT 1 "resultsrc";
    .port_info 11 /OUTPUT 1 "zer";
v0000023f5e8fddd0_0 .var "aluOp", 3 0;
v0000023f5e8fd0b0_0 .var "aluSrc", 0 0;
v0000023f5e8fd790_0 .var "extO", 2 0;
v0000023f5e8fd1f0_0 .var "func", 9 0;
v0000023f5e8fc750_0 .net "func3", 2 0, L_0000023f5e9017f0;  1 drivers
v0000023f5e8fd830_0 .net "func7", 6 0, L_0000023f5e900c10;  1 drivers
v0000023f5e8fd970_0 .var "memWrite", 0 0;
v0000023f5e8fccf0_0 .net "opcode", 6 0, L_0000023f5e901430;  1 drivers
v0000023f5e8fc4d0_0 .var "pcsrc", 1 0;
v0000023f5e8fd3d0_0 .var "regWrite", 0 0;
v0000023f5e8fc110_0 .var "resultsrc", 0 0;
v0000023f5e8fcbb0_0 .var "zer", 0 0;
v0000023f5e8fce30_0 .net "zero", 0 0, v0000023f5e8a45c0_0;  alias, 1 drivers
E_0000023f5e89ea80/0 .event anyedge, v0000023f5e8fccf0_0, v0000023f5e8fd830_0, v0000023f5e8fc750_0, v0000023f5e8fd1f0_0;
E_0000023f5e89ea80/1 .event anyedge, v0000023f5e8a45c0_0;
E_0000023f5e89ea80 .event/or E_0000023f5e89ea80/0, E_0000023f5e89ea80/1;
    .scope S_0000023f5e858a10;
T_0 ;
    %wait E_0000023f5e89ea80;
    %load/vec4 v0000023f5e8fccf0_0;
    %dup/vec4;
    %pushi/vec4 51, 0, 7;
    %cmp/u;
    %jmp/1 T_0.0, 6;
    %dup/vec4;
    %pushi/vec4 19, 0, 7;
    %cmp/u;
    %jmp/1 T_0.1, 6;
    %dup/vec4;
    %pushi/vec4 3, 0, 7;
    %cmp/u;
    %jmp/1 T_0.2, 6;
    %dup/vec4;
    %pushi/vec4 35, 0, 7;
    %cmp/u;
    %jmp/1 T_0.3, 6;
    %dup/vec4;
    %pushi/vec4 99, 0, 7;
    %cmp/u;
    %jmp/1 T_0.4, 6;
    %dup/vec4;
    %pushi/vec4 111, 0, 7;
    %cmp/u;
    %jmp/1 T_0.5, 6;
    %dup/vec4;
    %pushi/vec4 103, 0, 7;
    %cmp/u;
    %jmp/1 T_0.6, 6;
    %dup/vec4;
    %pushi/vec4 55, 0, 7;
    %cmp/u;
    %jmp/1 T_0.7, 6;
    %dup/vec4;
    %pushi/vec4 23, 0, 7;
    %cmp/u;
    %jmp/1 T_0.8, 6;
    %pushi/vec4 0, 0, 1;
    %store/vec4 v0000023f5e8fd3d0_0, 0, 1;
    %pushi/vec4 0, 0, 1;
    %store/vec4 v0000023f5e8fd970_0, 0, 1;
    %pushi/vec4 0, 0, 2;
    %store/vec4 v0000023f5e8fc4d0_0, 0, 2;
    %pushi/vec4 0, 0, 4;
    %store/vec4 v0000023f5e8fddd0_0, 0, 4;
    %pushi/vec4 0, 0, 1;
    %store/vec4 v0000023f5e8fd0b0_0, 0, 1;
    %jmp T_0.10;
T_0.0 ;
    %load/vec4 v0000023f5e8fd830_0;
    %load/vec4 v0000023f5e8fc750_0;
    %concat/vec4; draw_concat_vec4
    %store/vec4 v0000023f5e8fd1f0_0, 0, 10;
    %pushi/vec4 1, 0, 1;
    %store/vec4 v0000023f5e8fd3d0_0, 0, 1;
    %pushi/vec4 0, 0, 1;
    %store/vec4 v0000023f5e8fd970_0, 0, 1;
    %pushi/vec4 0, 0, 1;
    %store/vec4 v0000023f5e8fd0b0_0, 0, 1;
    %pushi/vec4 0, 0, 2;
    %store/vec4 v0000023f5e8fc4d0_0, 0, 2;
    %pushi/vec4 0, 0, 1;
    %store/vec4 v0000023f5e8fc110_0, 0, 1;
    %load/vec4 v0000023f5e8fd1f0_0;
    %dup/vec4;
    %pushi/vec4 0, 0, 10;
    %cmp/u;
    %jmp/1 T_0.11, 6;
    %dup/vec4;
    %pushi/vec4 258, 0, 10;
    %cmp/u;
    %jmp/1 T_0.12, 6;
    %dup/vec4;
    %pushi/vec4 257, 0, 10;
    %cmp/u;
    %jmp/1 T_0.13, 6;
    %dup/vec4;
    %pushi/vec4 386, 0, 10;
    %cmp/u;
    %jmp/1 T_0.14, 6;
    %dup/vec4;
    %pushi/vec4 224, 0, 10;
    %cmp/u;
    %jmp/1 T_0.15, 6;
    %jmp T_0.16;
T_0.11 ;
    %pushi/vec4 2, 0, 4;
    %store/vec4 v0000023f5e8fddd0_0, 0, 4;
    %jmp T_0.16;
T_0.12 ;
    %pushi/vec4 0, 0, 4;
    %store/vec4 v0000023f5e8fddd0_0, 0, 4;
    %jmp T_0.16;
T_0.13 ;
    %pushi/vec4 0, 0, 4;
    %store/vec4 v0000023f5e8fddd0_0, 0, 4;
    %jmp T_0.16;
T_0.14 ;
    %pushi/vec4 0, 0, 4;
    %store/vec4 v0000023f5e8fddd0_0, 0, 4;
    %jmp T_0.16;
T_0.15 ;
    %pushi/vec4 0, 0, 4;
    %store/vec4 v0000023f5e8fddd0_0, 0, 4;
    %jmp T_0.16;
T_0.16 ;
    %pop/vec4 1;
    %jmp T_0.10;
T_0.1 ;
    %pushi/vec4 1, 0, 1;
    %store/vec4 v0000023f5e8fd3d0_0, 0, 1;
    %pushi/vec4 0, 0, 1;
    %store/vec4 v0000023f5e8fd970_0, 0, 1;
    %pushi/vec4 0, 0, 4;
    %store/vec4 v0000023f5e8fddd0_0, 0, 4;
    %pushi/vec4 1, 0, 1;
    %store/vec4 v0000023f5e8fd0b0_0, 0, 1;
    %pushi/vec4 2, 0, 3;
    %store/vec4 v0000023f5e8fd790_0, 0, 3;
    %jmp T_0.10;
T_0.2 ;
    %pushi/vec4 1, 0, 1;
    %store/vec4 v0000023f5e8fd3d0_0, 0, 1;
    %pushi/vec4 0, 0, 1;
    %store/vec4 v0000023f5e8fd970_0, 0, 1;
    %pushi/vec4 0, 0, 4;
    %store/vec4 v0000023f5e8fddd0_0, 0, 4;
    %pushi/vec4 1, 0, 1;
    %store/vec4 v0000023f5e8fd0b0_0, 0, 1;
    %pushi/vec4 2, 0, 3;
    %store/vec4 v0000023f5e8fd790_0, 0, 3;
    %jmp T_0.10;
T_0.3 ;
    %pushi/vec4 0, 0, 1;
    %store/vec4 v0000023f5e8fd3d0_0, 0, 1;
    %pushi/vec4 1, 0, 1;
    %store/vec4 v0000023f5e8fd970_0, 0, 1;
    %pushi/vec4 1, 0, 1;
    %store/vec4 v0000023f5e8fc110_0, 0, 1;
    %pushi/vec4 2, 0, 3;
    %store/vec4 v0000023f5e8fd790_0, 0, 3;
    %pushi/vec4 2, 0, 4;
    %store/vec4 v0000023f5e8fddd0_0, 0, 4;
    %pushi/vec4 1, 0, 1;
    %store/vec4 v0000023f5e8fd0b0_0, 0, 1;
    %pushi/vec4 0, 0, 2;
    %store/vec4 v0000023f5e8fc4d0_0, 0, 2;
    %jmp T_0.10;
T_0.4 ;
    %pushi/vec4 0, 0, 1;
    %store/vec4 v0000023f5e8fd3d0_0, 0, 1;
    %pushi/vec4 0, 0, 3;
    %store/vec4 v0000023f5e8fd790_0, 0, 3;
    %pushi/vec4 0, 0, 1;
    %store/vec4 v0000023f5e8fd970_0, 0, 1;
    %pushi/vec4 3, 0, 4;
    %store/vec4 v0000023f5e8fddd0_0, 0, 4;
    %pushi/vec4 0, 0, 1;
    %store/vec4 v0000023f5e8fd0b0_0, 0, 1;
    %load/vec4 v0000023f5e8fce30_0;
    %flag_set/vec4 8;
    %jmp/0 T_0.17, 8;
    %pushi/vec4 0, 0, 2;
    %jmp/1 T_0.18, 8;
T_0.17 ; End of true expr.
    %pushi/vec4 1, 0, 2;
    %jmp/0 T_0.18, 8;
 ; End of false expr.
    %blend;
T_0.18;
    %store/vec4 v0000023f5e8fc4d0_0, 0, 2;
    %jmp T_0.10;
T_0.5 ;
    %pushi/vec4 1, 0, 1;
    %store/vec4 v0000023f5e8fd3d0_0, 0, 1;
    %pushi/vec4 0, 0, 1;
    %store/vec4 v0000023f5e8fd970_0, 0, 1;
    %pushi/vec4 0, 0, 4;
    %store/vec4 v0000023f5e8fddd0_0, 0, 4;
    %pushi/vec4 0, 0, 1;
    %store/vec4 v0000023f5e8fd0b0_0, 0, 1;
    %jmp T_0.10;
T_0.6 ;
    %pushi/vec4 1, 0, 1;
    %store/vec4 v0000023f5e8fd3d0_0, 0, 1;
    %pushi/vec4 0, 0, 1;
    %store/vec4 v0000023f5e8fd970_0, 0, 1;
    %pushi/vec4 0, 0, 1;
    %store/vec4 v0000023f5e8fc110_0, 0, 1;
    %pushi/vec4 3, 0, 3;
    %store/vec4 v0000023f5e8fd790_0, 0, 3;
    %pushi/vec4 2, 0, 4;
    %store/vec4 v0000023f5e8fddd0_0, 0, 4;
    %pushi/vec4 1, 0, 1;
    %store/vec4 v0000023f5e8fd0b0_0, 0, 1;
    %pushi/vec4 2, 0, 2;
    %store/vec4 v0000023f5e8fc4d0_0, 0, 2;
    %jmp T_0.10;
T_0.7 ;
    %pushi/vec4 1, 0, 1;
    %store/vec4 v0000023f5e8fd3d0_0, 0, 1;
    %pushi/vec4 0, 0, 1;
    %store/vec4 v0000023f5e8fd970_0, 0, 1;
    %pushi/vec4 1, 0, 3;
    %store/vec4 v0000023f5e8fd790_0, 0, 3;
    %pushi/vec4 0, 0, 4;
    %store/vec4 v0000023f5e8fddd0_0, 0, 4;
    %pushi/vec4 1, 0, 1;
    %store/vec4 v0000023f5e8fd0b0_0, 0, 1;
    %jmp T_0.10;
T_0.8 ;
    %pushi/vec4 1, 0, 1;
    %store/vec4 v0000023f5e8fd3d0_0, 0, 1;
    %pushi/vec4 0, 0, 1;
    %store/vec4 v0000023f5e8fd970_0, 0, 1;
    %pushi/vec4 1, 0, 3;
    %store/vec4 v0000023f5e8fd790_0, 0, 3;
    %pushi/vec4 0, 0, 4;
    %store/vec4 v0000023f5e8fddd0_0, 0, 4;
    %pushi/vec4 1, 0, 1;
    %store/vec4 v0000023f5e8fd0b0_0, 0, 1;
    %jmp T_0.10;
T_0.10 ;
    %pop/vec4 1;
    %jmp T_0;
    .thread T_0, $push;
    .scope S_0000023f5e895ec0;
T_1 ;
    %pushi/vec4 1, 0, 32;
    %store/vec4 v0000023f5e8a5560_0, 0, 32;
    %load/vec4 v0000023f5e8a5560_0;
    %store/vec4 v0000023f5e8a57e0_0, 0, 32;
    %end;
    .thread T_1;
    .scope S_0000023f5e895ec0;
T_2 ;
    %wait E_0000023f5e89e780;
    %load/vec4 v0000023f5e8a4840_0;
    %store/vec4 v0000023f5e8a5560_0, 0, 32;
    %load/vec4 v0000023f5e8a5560_0;
    %assign/vec4 v0000023f5e8a57e0_0, 0;
    %jmp T_2;
    .thread T_2;
    .scope S_0000023f5e874990;
T_3 ;
    %wait E_0000023f5e89dec0;
    %load/vec4 v0000023f5e8a5060_0;
    %dup/vec4;
    %pushi/vec4 0, 0, 2;
    %cmp/u;
    %jmp/1 T_3.0, 6;
    %dup/vec4;
    %pushi/vec4 1, 0, 2;
    %cmp/u;
    %jmp/1 T_3.1, 6;
    %dup/vec4;
    %pushi/vec4 2, 0, 2;
    %cmp/u;
    %jmp/1 T_3.2, 6;
    %dup/vec4;
    %pushi/vec4 3, 0, 2;
    %cmp/u;
    %jmp/1 T_3.3, 6;
    %jmp T_3.4;
T_3.0 ;
    %load/vec4 v0000023f5e8a4f20_0;
    %store/vec4 v0000023f5e8a4980_0, 0, 32;
    %jmp T_3.4;
T_3.1 ;
    %load/vec4 v0000023f5e8a4a20_0;
    %store/vec4 v0000023f5e8a4980_0, 0, 32;
    %jmp T_3.4;
T_3.2 ;
    %load/vec4 v0000023f5e8a4480_0;
    %store/vec4 v0000023f5e8a4980_0, 0, 32;
    %jmp T_3.4;
T_3.3 ;
    %load/vec4 v0000023f5e8a42a0_0;
    %store/vec4 v0000023f5e8a4980_0, 0, 32;
    %jmp T_3.4;
T_3.4 ;
    %pop/vec4 1;
    %jmp T_3;
    .thread T_3, $push;
    .scope S_0000023f5e874b20;
T_4 ;
    %wait E_0000023f5e89e2c0;
    %load/vec4 v0000023f5e8a5100_0;
    %load/vec4 v0000023f5e8a4660_0;
    %add;
    %store/vec4 v0000023f5e8a4520_0, 0, 32;
    %jmp T_4;
    .thread T_4, $push;
    .scope S_0000023f5e874cb0;
T_5 ;
    %wait E_0000023f5e89e140;
    %load/vec4 v0000023f5e8a3ee0_0;
    %load/vec4 v0000023f5e8a3b20_0;
    %add;
    %store/vec4 v0000023f5e8a51a0_0, 0, 32;
    %jmp T_5;
    .thread T_5, $push;
    .scope S_0000023f5e8838c0;
T_6 ;
    %pushi/vec4 2131299, 0, 32;
    %ix/load 4, 0, 0;
    %flag_set/imm 4, 0;
    %store/vec4a v0000023f5e8a4ca0, 4, 0;
    %pushi/vec4 5243111, 0, 32;
    %ix/load 4, 1, 0;
    %flag_set/imm 4, 0;
    %store/vec4a v0000023f5e8a4ca0, 4, 0;
    %pushi/vec4 7348387, 0, 32;
    %ix/load 4, 2, 0;
    %flag_set/imm 4, 0;
    %store/vec4a v0000023f5e8a4ca0, 4, 0;
    %pushi/vec4 7348387, 0, 32;
    %ix/load 4, 3, 0;
    %flag_set/imm 4, 0;
    %store/vec4a v0000023f5e8a4ca0, 4, 0;
    %pushi/vec4 4260404, 0, 32;
    %ix/load 4, 4, 0;
    %flag_set/imm 4, 0;
    %store/vec4a v0000023f5e8a4ca0, 4, 0;
    %pushi/vec4 101, 0, 32;
    %ix/load 4, 5, 0;
    %flag_set/imm 4, 0;
    %store/vec4a v0000023f5e8a4ca0, 4, 0;
    %pushi/vec4 4260406, 0, 32;
    %ix/load 4, 6, 0;
    %flag_set/imm 4, 0;
    %store/vec4a v0000023f5e8a4ca0, 4, 0;
    %pushi/vec4 103, 0, 32;
    %ix/load 4, 7, 0;
    %flag_set/imm 4, 0;
    %store/vec4a v0000023f5e8a4ca0, 4, 0;
    %pushi/vec4 2130355, 0, 32;
    %ix/load 4, 8, 0;
    %flag_set/imm 4, 0;
    %store/vec4a v0000023f5e8a4ca0, 4, 0;
    %pushi/vec4 2130227, 0, 32;
    %ix/load 4, 9, 0;
    %flag_set/imm 4, 0;
    %store/vec4a v0000023f5e8a4ca0, 4, 0;
    %end;
    .thread T_6;
    .scope S_0000023f5e8838c0;
T_7 ;
    %wait E_0000023f5e89f580;
    %ix/getv 4, v0000023f5e8a4d40_0;
    %load/vec4a v0000023f5e8a4ca0, 4;
    %store/vec4 v0000023f5e8a4de0_0, 0, 32;
    %jmp T_7;
    .thread T_7, $push;
    .scope S_0000023f5e858880;
T_8 ;
    %pushi/vec4 0, 0, 32;
    %store/vec4 v0000023f5e8fcc50_0, 0, 32;
    %end;
    .thread T_8;
    .scope S_0000023f5e858880;
T_9 ;
    %pushi/vec4 3, 0, 32;
    %ix/load 4, 0, 0;
    %flag_set/imm 4, 0;
    %store/vec4a v0000023f5e8fca70, 4, 0;
    %pushi/vec4 8, 0, 32;
    %ix/load 4, 1, 0;
    %flag_set/imm 4, 0;
    %store/vec4a v0000023f5e8fca70, 4, 0;
    %pushi/vec4 8, 0, 32;
    %ix/load 4, 2, 0;
    %flag_set/imm 4, 0;
    %store/vec4a v0000023f5e8fca70, 4, 0;
    %pushi/vec4 9, 0, 32;
    %ix/load 4, 5, 0;
    %flag_set/imm 4, 0;
    %store/vec4a v0000023f5e8fca70, 4, 0;
    %pushi/vec4 5, 0, 32;
    %ix/load 4, 6, 0;
    %flag_set/imm 4, 0;
    %store/vec4a v0000023f5e8fca70, 4, 0;
    %end;
    .thread T_9;
    .scope S_0000023f5e858880;
T_10 ;
    %wait E_0000023f5e89da00;
    %load/vec4 v0000023f5e8fd010_0;
    %nor/r;
    %flag_set/vec4 8;
    %jmp/0xz  T_10.0, 8;
    %pushi/vec4 0, 0, 32;
    %store/vec4 v0000023f5e8fcc50_0, 0, 32;
T_10.2 ;
    %load/vec4 v0000023f5e8fcc50_0;
    %cmpi/s 32, 0, 32;
    %jmp/0xz T_10.3, 5;
    %pushi/vec4 0, 0, 32;
    %ix/getv/s 3, v0000023f5e8fcc50_0;
    %ix/load 4, 0, 0; Constant delay
    %assign/vec4/a/d v0000023f5e8fca70, 0, 4;
    %load/vec4 v0000023f5e8fcc50_0;
    %addi 1, 0, 32;
    %store/vec4 v0000023f5e8fcc50_0, 0, 32;
    %jmp T_10.2;
T_10.3 ;
    %jmp T_10.1;
T_10.0 ;
    %load/vec4 v0000023f5e8fdb50_0;
    %load/vec4 v0000023f5e8fd330_0;
    %pad/u 32;
    %pushi/vec4 0, 0, 32;
    %cmp/ne;
    %flag_get/vec4 4;
    %and;
    %flag_set/vec4 8;
    %jmp/0xz  T_10.4, 8;
    %load/vec4 v0000023f5e8fd6f0_0;
    %load/vec4 v0000023f5e8fd330_0;
    %pad/u 7;
    %ix/vec4 3;
    %ix/load 4, 0, 0; Constant delay
    %assign/vec4/a/d v0000023f5e8fca70, 0, 4;
T_10.4 ;
T_10.1 ;
    %jmp T_10;
    .thread T_10;
    .scope S_0000023f5e86a520;
T_11 ;
    %wait E_0000023f5e89f600;
    %load/vec4 v0000023f5e8a4160_0;
    %dup/vec4;
    %pushi/vec4 2, 0, 3;
    %cmp/u;
    %jmp/1 T_11.0, 6;
    %dup/vec4;
    %pushi/vec4 3, 0, 3;
    %cmp/u;
    %jmp/1 T_11.1, 6;
    %dup/vec4;
    %pushi/vec4 1, 0, 3;
    %cmp/u;
    %jmp/1 T_11.2, 6;
    %dup/vec4;
    %pushi/vec4 0, 0, 3;
    %cmp/u;
    %jmp/1 T_11.3, 6;
    %pushi/vec4 0, 0, 32;
    %store/vec4 v0000023f5e8a4020_0, 0, 32;
    %jmp T_11.5;
T_11.0 ;
    %load/vec4 v0000023f5e8a40c0_0;
    %parti/s 7, 25, 6;
    %load/vec4 v0000023f5e8a40c0_0;
    %parti/s 5, 7, 4;
    %concat/vec4; draw_concat_vec4
    %store/vec4 v0000023f5e8a4340_0, 0, 12;
    %load/vec4 v0000023f5e8a4340_0;
    %parti/s 1, 11, 5;
    %pad/u 32;
    %cmpi/e 1, 0, 32;
    %flag_mov 8, 4;
    %jmp/0 T_11.6, 8;
    %pushi/vec4 1048575, 0, 20;
    %load/vec4 v0000023f5e8a4340_0;
    %concat/vec4; draw_concat_vec4
    %jmp/1 T_11.7, 8;
T_11.6 ; End of true expr.
    %pushi/vec4 0, 0, 20;
    %load/vec4 v0000023f5e8a4340_0;
    %concat/vec4; draw_concat_vec4
    %jmp/0 T_11.7, 8;
 ; End of false expr.
    %blend;
T_11.7;
    %store/vec4 v0000023f5e8a4020_0, 0, 32;
    %jmp T_11.5;
T_11.1 ;
    %load/vec4 v0000023f5e8a40c0_0;
    %parti/s 12, 20, 6;
    %store/vec4 v0000023f5e8a4340_0, 0, 12;
    %load/vec4 v0000023f5e8a4340_0;
    %parti/s 1, 11, 5;
    %pad/u 32;
    %cmpi/e 1, 0, 32;
    %flag_mov 8, 4;
    %jmp/0 T_11.8, 8;
    %pushi/vec4 1048575, 0, 20;
    %load/vec4 v0000023f5e8a4340_0;
    %concat/vec4; draw_concat_vec4
    %jmp/1 T_11.9, 8;
T_11.8 ; End of true expr.
    %pushi/vec4 0, 0, 20;
    %load/vec4 v0000023f5e8a4340_0;
    %concat/vec4; draw_concat_vec4
    %jmp/0 T_11.9, 8;
 ; End of false expr.
    %blend;
T_11.9;
    %store/vec4 v0000023f5e8a4020_0, 0, 32;
    %jmp T_11.5;
T_11.2 ;
    %load/vec4 v0000023f5e8a40c0_0;
    %parti/s 20, 12, 5;
    %pad/u 12;
    %store/vec4 v0000023f5e8a4340_0, 0, 12;
    %pushi/vec4 1, 1, 1;
    %flag_set/vec4 8;
    %jmp/0 T_11.10, 8;
    %pushi/vec4 4095, 0, 12;
    %load/vec4 v0000023f5e8a4340_0;
    %concat/vec4; draw_concat_vec4
    %pad/u 32;
    %jmp/1 T_11.11, 8;
T_11.10 ; End of true expr.
    %pushi/vec4 0, 0, 12;
    %load/vec4 v0000023f5e8a4340_0;
    %concat/vec4; draw_concat_vec4
    %pad/u 32;
    %jmp/0 T_11.11, 8;
 ; End of false expr.
    %blend;
T_11.11;
    %store/vec4 v0000023f5e8a4020_0, 0, 32;
    %jmp T_11.5;
T_11.3 ;
    %pushi/vec4 0, 0, 12;
    %load/vec4 v0000023f5e8a40c0_0;
    %parti/s 1, 7, 4;
    %pad/u 12;
    %ix/load 4, 11, 0;
    %flag_set/imm 4, 0;
    %shiftl 4;
    %or;
    %load/vec4 v0000023f5e8a40c0_0;
    %parti/s 6, 25, 6;
    %pad/u 12;
    %ix/load 4, 5, 0;
    %flag_set/imm 4, 0;
    %shiftl 4;
    %or;
    %load/vec4 v0000023f5e8a40c0_0;
    %parti/s 4, 8, 5;
    %pad/u 12;
    %ix/load 4, 1, 0;
    %flag_set/imm 4, 0;
    %shiftl 4;
    %or;
    %store/vec4 v0000023f5e8a4340_0, 0, 12;
    %load/vec4 v0000023f5e8a4340_0;
    %parti/s 1, 11, 5;
    %pad/u 32;
    %cmpi/e 1, 0, 32;
    %flag_mov 8, 4;
    %jmp/0 T_11.12, 8;
    %pushi/vec4 4095, 0, 12;
    %load/vec4 v0000023f5e8a4340_0;
    %concat/vec4; draw_concat_vec4
    %pad/u 32;
    %jmp/1 T_11.13, 8;
T_11.12 ; End of true expr.
    %pushi/vec4 0, 0, 12;
    %load/vec4 v0000023f5e8a4340_0;
    %concat/vec4; draw_concat_vec4
    %pad/u 32;
    %jmp/0 T_11.13, 8;
 ; End of false expr.
    %blend;
T_11.13;
    %store/vec4 v0000023f5e8a4020_0, 0, 32;
    %jmp T_11.5;
T_11.5 ;
    %pop/vec4 1;
    %jmp T_11;
    .thread T_11, $push;
    .scope S_0000023f5e895d30;
T_12 ;
    %wait E_0000023f5e89e440;
    %load/vec4 v0000023f5e8a3a80_0;
    %flag_set/vec4 8;
    %jmp/0 T_12.0, 8;
    %load/vec4 v0000023f5e8a4fc0_0;
    %jmp/1 T_12.1, 8;
T_12.0 ; End of true expr.
    %load/vec4 v0000023f5e8a4200_0;
    %jmp/0 T_12.1, 8;
 ; End of false expr.
    %blend;
T_12.1;
    %store/vec4 v0000023f5e8a47a0_0, 0, 32;
    %jmp T_12;
    .thread T_12, $push;
    .scope S_0000023f5e86a200;
T_13 ;
    %wait E_0000023f5e89e880;
    %load/vec4 v0000023f5e8a5420_0;
    %dup/vec4;
    %pushi/vec4 0, 0, 4;
    %cmp/u;
    %jmp/1 T_13.0, 6;
    %dup/vec4;
    %pushi/vec4 1, 0, 4;
    %cmp/u;
    %jmp/1 T_13.1, 6;
    %dup/vec4;
    %pushi/vec4 2, 0, 4;
    %cmp/u;
    %jmp/1 T_13.2, 6;
    %dup/vec4;
    %pushi/vec4 3, 0, 4;
    %cmp/u;
    %jmp/1 T_13.3, 6;
    %dup/vec4;
    %pushi/vec4 4, 0, 4;
    %cmp/u;
    %jmp/1 T_13.4, 6;
    %dup/vec4;
    %pushi/vec4 5, 0, 4;
    %cmp/u;
    %jmp/1 T_13.5, 6;
    %dup/vec4;
    %pushi/vec4 6, 0, 4;
    %cmp/u;
    %jmp/1 T_13.6, 6;
    %dup/vec4;
    %pushi/vec4 7, 0, 4;
    %cmp/u;
    %jmp/1 T_13.7, 6;
    %dup/vec4;
    %pushi/vec4 8, 0, 4;
    %cmp/u;
    %jmp/1 T_13.8, 6;
    %pushi/vec4 0, 0, 32;
    %store/vec4 v0000023f5e8a5600_0, 0, 32;
    %jmp T_13.10;
T_13.0 ;
    %load/vec4 v0000023f5e8a4e80_0;
    %load/vec4 v0000023f5e8a5240_0;
    %and;
    %store/vec4 v0000023f5e8a5600_0, 0, 32;
    %jmp T_13.10;
T_13.1 ;
    %load/vec4 v0000023f5e8a4e80_0;
    %load/vec4 v0000023f5e8a5240_0;
    %or;
    %store/vec4 v0000023f5e8a5600_0, 0, 32;
    %jmp T_13.10;
T_13.2 ;
    %load/vec4 v0000023f5e8a4e80_0;
    %load/vec4 v0000023f5e8a5240_0;
    %add;
    %store/vec4 v0000023f5e8a5600_0, 0, 32;
    %jmp T_13.10;
T_13.3 ;
    %load/vec4 v0000023f5e8a4e80_0;
    %load/vec4 v0000023f5e8a5240_0;
    %sub;
    %store/vec4 v0000023f5e8a5600_0, 0, 32;
    %jmp T_13.10;
T_13.4 ;
    %load/vec4 v0000023f5e8a4e80_0;
    %load/vec4 v0000023f5e8a5240_0;
    %xor;
    %store/vec4 v0000023f5e8a5600_0, 0, 32;
    %jmp T_13.10;
T_13.5 ;
    %load/vec4 v0000023f5e8a4e80_0;
    %load/vec4 v0000023f5e8a5240_0;
    %or;
    %inv;
    %store/vec4 v0000023f5e8a5600_0, 0, 32;
    %jmp T_13.10;
T_13.6 ;
    %load/vec4 v0000023f5e8a4e80_0;
    %load/vec4 v0000023f5e8a5240_0;
    %parti/s 5, 0, 2;
    %ix/vec4 4;
    %shiftl 4;
    %store/vec4 v0000023f5e8a5600_0, 0, 32;
    %jmp T_13.10;
T_13.7 ;
    %load/vec4 v0000023f5e8a4e80_0;
    %load/vec4 v0000023f5e8a5240_0;
    %parti/s 5, 0, 2;
    %ix/vec4 4;
    %shiftr 4;
    %store/vec4 v0000023f5e8a5600_0, 0, 32;
    %jmp T_13.10;
T_13.8 ;
    %load/vec4 v0000023f5e8a4e80_0;
    %load/vec4 v0000023f5e8a5240_0;
    %cmp/u;
    %flag_mov 8, 5;
    %jmp/0 T_13.11, 8;
    %pushi/vec4 1, 0, 32;
    %jmp/1 T_13.12, 8;
T_13.11 ; End of true expr.
    %pushi/vec4 0, 0, 32;
    %jmp/0 T_13.12, 8;
 ; End of false expr.
    %blend;
T_13.12;
    %store/vec4 v0000023f5e8a5600_0, 0, 32;
    %jmp T_13.10;
T_13.10 ;
    %pop/vec4 1;
    %load/vec4 v0000023f5e8a5600_0;
    %cmpi/e 0, 0, 32;
    %flag_mov 8, 4;
    %jmp/0 T_13.13, 8;
    %pushi/vec4 1, 0, 1;
    %jmp/1 T_13.14, 8;
T_13.13 ; End of true expr.
    %pushi/vec4 0, 0, 1;
    %jmp/0 T_13.14, 8;
 ; End of false expr.
    %blend;
T_13.14;
    %store/vec4 v0000023f5e8a45c0_0, 0, 1;
    %jmp T_13;
    .thread T_13, $push;
    .scope S_0000023f5e8586f0;
T_14 ;
    %wait E_0000023f5e89f440;
    %load/vec4 v0000023f5e8fdbf0_0;
    %flag_set/vec4 8;
    %jmp/0 T_14.0, 8;
    %load/vec4 v0000023f5e8fdd30_0;
    %jmp/1 T_14.1, 8;
T_14.0 ; End of true expr.
    %load/vec4 v0000023f5e8fc250_0;
    %jmp/0 T_14.1, 8;
 ; End of false expr.
    %blend;
T_14.1;
    %store/vec4 v0000023f5e8fcd90_0, 0, 32;
    %jmp T_14;
    .thread T_14, $push;
    .scope S_0000023f5e86a390;
T_15 ;
    %wait E_0000023f5e89da00;
    %load/vec4 v0000023f5e8a43e0_0;
    %inv;
    %flag_set/vec4 8;
    %jmp/0xz  T_15.0, 8;
    %pushi/vec4 0, 0, 32;
    %store/vec4 v0000023f5e8a3e40_0, 0, 32;
T_15.2 ;
    %load/vec4 v0000023f5e8a3e40_0;
    %cmpi/s 64, 0, 32;
    %jmp/0xz T_15.3, 5;
    %pushi/vec4 0, 0, 32;
    %ix/getv/s 3, v0000023f5e8a3e40_0;
    %ix/load 4, 0, 0; Constant delay
    %assign/vec4/a/d v0000023f5e8a4c00, 0, 4;
    %load/vec4 v0000023f5e8a3e40_0;
    %addi 1, 0, 32;
    %store/vec4 v0000023f5e8a3e40_0, 0, 32;
    %jmp T_15.2;
T_15.3 ;
    %jmp T_15.1;
T_15.0 ;
    %load/vec4 v0000023f5e8a3f80_0;
    %flag_set/vec4 8;
    %jmp/0xz  T_15.4, 8;
    %load/vec4 v0000023f5e8a3d00_0;
    %load/vec4 v0000023f5e8a3bc0_0;
    %parti/s 6, 0, 2;
    %pad/u 8;
    %ix/vec4 3;
    %ix/load 4, 0, 0; Constant delay
    %assign/vec4/a/d v0000023f5e8a4c00, 0, 4;
T_15.4 ;
T_15.1 ;
    %jmp T_15;
    .thread T_15;
    .scope S_0000023f5e881570;
T_16 ;
    %wait E_0000023f5e89f5c0;
    %load/vec4 v0000023f5e8fd510_0;
    %flag_set/vec4 8;
    %jmp/0 T_16.0, 8;
    %load/vec4 v0000023f5e88ef20_0;
    %jmp/1 T_16.1, 8;
T_16.0 ; End of true expr.
    %load/vec4 v0000023f5e88e660_0;
    %jmp/0 T_16.1, 8;
 ; End of false expr.
    %blend;
T_16.1;
    %store/vec4 v0000023f5e8fc1b0_0, 0, 32;
    %jmp T_16;
    .thread T_16, $push;
# The file index is used to find the file name in the following table.
:file_names 3;
    "N/A";
    "<interactive>";
    "riscv.v";
