#! /c/Source/iverilog-install/bin/vvp
:ivl_version "12.0 (devel)" "(s20150603-1110-g18392a46)";
:ivl_delay_selection "TYPICAL";
:vpi_time_precision - 9;
:vpi_module "C:\iverilog\lib\ivl\system.vpi";
:vpi_module "C:\iverilog\lib\ivl\vhdl_sys.vpi";
:vpi_module "C:\iverilog\lib\ivl\vhdl_textio.vpi";
:vpi_module "C:\iverilog\lib\ivl\v2005_math.vpi";
:vpi_module "C:\iverilog\lib\ivl\va_math.vpi";
S_0000022bade951f0 .scope module, "tb_rv32i_processor" "tb_rv32i_processor" 2 4;
 .timescale -9 -9;
v0000022badf33820_0 .net "AluOut", 31 0, L_0000022bade83020;  1 drivers
v0000022badf33500_0 .net "Aluin1", 31 0, L_0000022bade83250;  1 drivers
v0000022badf33e60_0 .net "Aluin2", 31 0, L_0000022bade833a0;  1 drivers
v0000022badf33d20_0 .var "clk", 0 0;
v0000022badf32380_0 .net "data_to_write", 31 0, L_0000022badf34690;  1 drivers
v0000022badf327e0_0 .net "extout", 31 0, L_0000022bade83100;  1 drivers
v0000022badf338c0_0 .net "func3", 2 0, L_0000022badf33aa0;  1 drivers
v0000022badf330a0_0 .net "instr", 31 0, L_0000022bade83410;  1 drivers
o0000022badea7308 .functor BUFZ 32, C4<zzzzzzzzzzzzzzzzzzzzzzzzzzzzzzzz>; HiZ drive
v0000022badf33960_0 .net "memory_address", 31 0, o0000022badea7308;  0 drivers
v0000022badf336e0_0 .net "pc", 31 0, L_0000022bade61f60;  1 drivers
o0000022badea7398 .functor BUFZ 32, C4<zzzzzzzzzzzzzzzzzzzzzzzzzzzzzzzz>; HiZ drive
v0000022badf33a00_0 .net "read_data", 31 0, o0000022badea7398;  0 drivers
v0000022badf333c0_0 .var "rst_n", 0 0;
v0000022badf321a0_0 .net "write_data", 0 0, L_0000022bade83480;  1 drivers
S_0000022bade7b9b0 .scope module, "uut" "core" 2 14, 3 1 0, S_0000022bade951f0;
 .timescale 0 0;
    .port_info 0 /INPUT 1 "clk";
    .port_info 1 /INPUT 1 "rst";
    .port_info 2 /OUTPUT 32 "instruction";
    .port_info 3 /INPUT 32 "pc";
    .port_info 4 /INPUT 32 "read_data";
    .port_info 5 /OUTPUT 32 "memory_address";
    .port_info 6 /OUTPUT 32 "data_to_write";
    .port_info 7 /OUTPUT 3 "func3";
    .port_info 8 /OUTPUT 1 "write_data";
    .port_info 9 /OUTPUT 32 "next_pc";
    .port_info 10 /OUTPUT 32 "AluOut";
    .port_info 11 /OUTPUT 32 "Aluin1";
    .port_info 12 /OUTPUT 32 "Aluin2";
    .port_info 13 /OUTPUT 32 "extout";
L_0000022bade83250 .functor BUFZ 32, L_0000022badf34380, C4<00000000000000000000000000000000>, C4<00000000000000000000000000000000>, C4<00000000000000000000000000000000>;
L_0000022bade83020 .functor BUFZ 32, v0000022badea3d90_0, C4<00000000000000000000000000000000>, C4<00000000000000000000000000000000>, C4<00000000000000000000000000000000>;
L_0000022bade83100 .functor BUFZ 32, v0000022badea28f0_0, C4<00000000000000000000000000000000>, C4<00000000000000000000000000000000>, C4<00000000000000000000000000000000>;
L_0000022bade833a0 .functor BUFZ 32, v0000022badea2fd0_0, C4<00000000000000000000000000000000>, C4<00000000000000000000000000000000>, C4<00000000000000000000000000000000>;
L_0000022bade83410 .functor BUFZ 32, v0000022badea2c10_0, C4<00000000000000000000000000000000>, C4<00000000000000000000000000000000>, C4<00000000000000000000000000000000>;
L_0000022bade83480 .functor BUFZ 1, v0000022badeeb9b0_0, C4<0>, C4<0>, C4<0>;
L_0000022bade61f60 .functor BUFZ 32, v0000022badea3f70_0, C4<00000000000000000000000000000000>, C4<00000000000000000000000000000000>, C4<00000000000000000000000000000000>;
L_0000022badf34690 .functor BUFZ 32, L_0000022badf34620, C4<00000000000000000000000000000000>, C4<00000000000000000000000000000000>, C4<00000000000000000000000000000000>;
L_0000022badf34700 .functor BUFZ 1, v0000022badea3930_0, C4<0>, C4<0>, C4<0>;
v0000022badeea5b0_0 .net "AluOut", 31 0, L_0000022bade83020;  alias, 1 drivers
v0000022badeebcd0_0 .net "Aluin1", 31 0, L_0000022bade83250;  alias, 1 drivers
v0000022badeeaf10_0 .net "Aluin2", 31 0, L_0000022bade833a0;  alias, 1 drivers
v0000022badeea970_0 .net "Aout", 31 0, v0000022badea3d90_0;  1 drivers
v0000022badeeb410_0 .net "D", 0 0, L_0000022badf34700;  1 drivers
v0000022badeeadd0_0 .net "Dwe", 0 0, v0000022badeeb9b0_0;  1 drivers
v0000022badeeb050_0 .net "RD", 31 0, L_0000022badf33280;  1 drivers
v0000022badeeb190_0 .net "Rwe", 0 0, v0000022badeea290_0;  1 drivers
v0000022badeeb730_0 .net "SrcB", 31 0, v0000022badea2fd0_0;  1 drivers
v0000022badeebb90_0 .net "WD3", 31 0, v0000022badea34d0_0;  1 drivers
v0000022badeeafb0_0 .net "aluSrc", 0 0, v0000022badeeb690_0;  1 drivers
v0000022badeea330_0 .net "aluctr", 3 0, v0000022badeeb910_0;  1 drivers
v0000022badeeb0f0_0 .net "clk", 0 0, v0000022badf33d20_0;  1 drivers
v0000022badeebc30_0 .net "data_to_write", 31 0, L_0000022badf34690;  alias, 1 drivers
v0000022badeea470_0 .net "ext", 31 0, v0000022badea28f0_0;  1 drivers
v0000022badeebe10_0 .net "extout", 31 0, L_0000022bade83100;  alias, 1 drivers
v0000022badeea3d0_0 .net "func3", 2 0, L_0000022badf33aa0;  alias, 1 drivers
v0000022badeea650_0 .net "immsrc", 2 0, v0000022badeebaf0_0;  1 drivers
v0000022badeea6f0_0 .net "inA", 31 0, L_0000022badf34380;  1 drivers
v0000022badf32ec0_0 .net "inB", 31 0, v0000022bade90d80_0;  1 drivers
v0000022badf33c80_0 .net "instr", 31 0, v0000022badea2c10_0;  1 drivers
v0000022badf335a0_0 .net "instruction", 31 0, L_0000022bade83410;  alias, 1 drivers
v0000022badf32740_0 .net "memory_address", 31 0, o0000022badea7308;  alias, 0 drivers
v0000022badf33780_0 .net "muxB", 31 0, L_0000022badf34620;  1 drivers
v0000022badf32c40_0 .net "next_pc", 31 0, L_0000022bade61f60;  alias, 1 drivers
o0000022badea7368 .functor BUFZ 32, C4<zzzzzzzzzzzzzzzzzzzzzzzzzzzzzzzz>; HiZ drive
v0000022badf32ce0_0 .net "pc", 31 0, o0000022badea7368;  0 drivers
v0000022badf32d80_0 .net "pcSrc", 1 0, v0000022badeea1f0_0;  1 drivers
v0000022badf32b00_0 .net "pcnex", 31 0, v0000022badea3f70_0;  1 drivers
v0000022badf32f60_0 .net "pcplus", 31 0, v0000022badea3110_0;  1 drivers
v0000022badf326a0_0 .net "pcsh", 31 0, v0000022badea3cf0_0;  1 drivers
v0000022badf33000_0 .net "pctar", 31 0, v0000022badea31b0_0;  1 drivers
v0000022badf33320_0 .net "read_data", 31 0, o0000022badea7398;  alias, 0 drivers
v0000022badf32a60_0 .net "resultsrc", 0 0, v0000022badeeaab0_0;  1 drivers
v0000022badf33640_0 .net "rst", 0 0, v0000022badf333c0_0;  1 drivers
o0000022badea69a8 .functor BUFZ 1, C4<z>; HiZ drive
v0000022badf32920_0 .net "stat", 0 0, o0000022badea69a8;  0 drivers
v0000022badf331e0_0 .net "write_data", 0 0, L_0000022bade83480;  alias, 1 drivers
v0000022badf32100_0 .net "zer", 0 0, v0000022badeeb870_0;  1 drivers
v0000022badf32600_0 .net "zero", 0 0, v0000022badea3930_0;  1 drivers
L_0000022badf33aa0 .part v0000022badea2c10_0, 12, 3;
L_0000022badf32880 .part v0000022badea2c10_0, 0, 7;
L_0000022badf33b40 .part v0000022badea2c10_0, 12, 3;
L_0000022badf33be0 .part v0000022badea2c10_0, 25, 7;
L_0000022badf33f00 .part v0000022badea2c10_0, 15, 5;
L_0000022badf32060 .part v0000022badea2c10_0, 20, 5;
L_0000022badf32240 .part v0000022badea2c10_0, 7, 5;
S_0000022bade7bb40 .scope module, "AluIn" "mux32bit2_1" 3 94, 3 445 0, S_0000022bade7b9b0;
 .timescale 0 0;
    .port_info 0 /INPUT 32 "in1";
    .port_info 1 /INPUT 32 "in2";
    .port_info 2 /INPUT 1 "select";
    .port_info 3 /OUTPUT 32 "out";
v0000022badea37f0_0 .net "in1", 31 0, L_0000022badf34620;  alias, 1 drivers
v0000022badea2df0_0 .net "in2", 31 0, v0000022badea28f0_0;  alias, 1 drivers
v0000022badea2fd0_0 .var "out", 31 0;
v0000022badea22b0_0 .net "select", 0 0, v0000022badeeb690_0;  alias, 1 drivers
E_0000022bade8c9d0 .event anyedge, v0000022badea22b0_0, v0000022badea2df0_0, v0000022badea37f0_0;
S_0000022bade7bcd0 .scope module, "PC" "PCreg" 3 50, 3 218 0, S_0000022bade7b9b0;
 .timescale 0 0;
    .port_info 0 /INPUT 1 "clk";
    .port_info 1 /INPUT 32 "pcreg";
    .port_info 2 /OUTPUT 32 "out";
v0000022badea2210_0 .var "PC", 31 0;
v0000022badea2170_0 .net "clk", 0 0, v0000022badf33d20_0;  alias, 1 drivers
v0000022badea3f70_0 .var "out", 31 0;
v0000022badea2850_0 .net "pcreg", 31 0, v0000022badea3cf0_0;  alias, 1 drivers
E_0000022bade8c810 .event posedge, v0000022badea2170_0;
S_0000022bade64ce0 .scope module, "PCnext" "mux32bit4_1" 3 55, 3 455 0, S_0000022bade7b9b0;
 .timescale 0 0;
    .port_info 0 /INPUT 32 "in1";
    .port_info 1 /INPUT 32 "in2";
    .port_info 2 /INPUT 32 "in3";
    .port_info 3 /INPUT 32 "in4";
    .port_info 4 /INPUT 2 "select";
    .port_info 5 /OUTPUT 32 "out";
v0000022badea3a70_0 .net "in1", 31 0, v0000022badea3110_0;  alias, 1 drivers
v0000022badea3bb0_0 .net "in2", 31 0, v0000022badea31b0_0;  alias, 1 drivers
v0000022badea3070_0 .net "in3", 31 0, v0000022badea3d90_0;  alias, 1 drivers
v0000022badea3890_0 .net "in4", 31 0, v0000022badea28f0_0;  alias, 1 drivers
v0000022badea3cf0_0 .var "out", 31 0;
v0000022badea2e90_0 .net "select", 1 0, v0000022badeea1f0_0;  alias, 1 drivers
E_0000022bade8cb50/0 .event anyedge, v0000022badea2e90_0, v0000022badea3a70_0, v0000022badea3bb0_0, v0000022badea3070_0;
E_0000022bade8cb50/1 .event anyedge, v0000022badea2df0_0;
E_0000022bade8cb50 .event/or E_0000022bade8cb50/0, E_0000022bade8cb50/1;
S_0000022bade64e70 .scope module, "PCplus" "PCalu" 3 63, 3 154 0, S_0000022bade7b9b0;
 .timescale 0 0;
    .port_info 0 /INPUT 32 "pc";
    .port_info 1 /INPUT 32 "imm";
    .port_info 2 /OUTPUT 32 "targetpc";
L_0000022badf35038 .functor BUFT 1, C4<00000000000000000000000000000001>, C4<0>, C4<0>, C4<0>;
v0000022badea2350_0 .net "imm", 31 0, L_0000022badf35038;  1 drivers
v0000022badea23f0_0 .net "pc", 31 0, v0000022badea3f70_0;  alias, 1 drivers
v0000022badea3110_0 .var "targetpc", 31 0;
E_0000022bade8ac10 .event anyedge, v0000022badea3f70_0, v0000022badea2350_0;
S_0000022bade65000 .scope module, "PCtarget" "PCalu" 3 68, 3 154 0, S_0000022bade7b9b0;
 .timescale 0 0;
    .port_info 0 /INPUT 32 "pc";
    .port_info 1 /INPUT 32 "imm";
    .port_info 2 /OUTPUT 32 "targetpc";
v0000022badea2d50_0 .net "imm", 31 0, v0000022badea28f0_0;  alias, 1 drivers
v0000022badea2f30_0 .net "pc", 31 0, v0000022badea3f70_0;  alias, 1 drivers
v0000022badea31b0_0 .var "targetpc", 31 0;
E_0000022bade8a2d0 .event anyedge, v0000022badea3f70_0, v0000022badea2df0_0;
S_0000022bade5a550 .scope module, "alu" "ALU" 3 100, 3 131 0, S_0000022bade7b9b0;
 .timescale 0 0;
    .port_info 0 /INPUT 4 "ALUop";
    .port_info 1 /INPUT 32 "ALUinA";
    .port_info 2 /INPUT 32 "ALUinB";
    .port_info 3 /OUTPUT 32 "ALUOut";
    .port_info 4 /OUTPUT 1 "Zero";
v0000022badea3d90_0 .var "ALUOut", 31 0;
v0000022badea39d0_0 .net "ALUinA", 31 0, L_0000022badf34380;  alias, 1 drivers
v0000022badea3250_0 .net "ALUinB", 31 0, v0000022badea2fd0_0;  alias, 1 drivers
v0000022badea2490_0 .net "ALUop", 3 0, v0000022badeeb910_0;  alias, 1 drivers
v0000022badea3930_0 .var "Zero", 0 0;
E_0000022bade8a150 .event anyedge, v0000022badea2490_0, v0000022badea39d0_0, v0000022badea2fd0_0, v0000022badea3070_0;
S_0000022bade5a6e0 .scope module, "datamem" "data_memory" 3 113, 3 195 0, S_0000022bade7b9b0;
 .timescale 0 0;
    .port_info 0 /INPUT 1 "clk";
    .port_info 1 /INPUT 1 "rst_n";
    .port_info 2 /INPUT 32 "addr";
    .port_info 3 /INPUT 32 "data_in";
    .port_info 4 /INPUT 1 "we";
    .port_info 5 /OUTPUT 32 "data_out";
o0000022badea5898 .functor BUFZ 32, C4<zzzzzzzzzzzzzzzzzzzzzzzzzzzzzzzz>; HiZ drive
; Elide local net with no drivers, v0000022badea32f0_0 name=_ivl_0
v0000022badea25d0_0 .net *"_ivl_2", 31 0, L_0000022badf322e0;  1 drivers
v0000022badea3e30_0 .net "addr", 31 0, v0000022badea3d90_0;  alias, 1 drivers
v0000022badea2530_0 .net "clk", 0 0, v0000022badf33d20_0;  alias, 1 drivers
v0000022badea3b10_0 .net "data_in", 31 0, L_0000022badf34620;  alias, 1 drivers
v0000022badea2670_0 .net "data_out", 31 0, L_0000022badf33280;  alias, 1 drivers
v0000022badea2710_0 .var/i "i", 31 0;
v0000022badea3c50 .array "memory", 63 0, 31 0;
v0000022badea3390_0 .net "rst_n", 0 0, v0000022badf333c0_0;  alias, 1 drivers
v0000022badea27b0_0 .net "we", 0 0, v0000022badeeb9b0_0;  alias, 1 drivers
E_0000022bade8a4d0/0 .event negedge, v0000022badea3390_0;
E_0000022bade8a4d0/1 .event posedge, v0000022badea2170_0;
E_0000022bade8a4d0 .event/or E_0000022bade8a4d0/0, E_0000022bade8a4d0/1;
L_0000022badf322e0 .array/port v0000022badea3c50, v0000022badea3d90_0;
L_0000022badf33280 .functor MUXZ 32, L_0000022badf322e0, o0000022badea5898, v0000022badeeb9b0_0, C4<>;
S_0000022bade5a870 .scope module, "extend" "extender" 3 89, 3 164 0, S_0000022bade7b9b0;
 .timescale 0 0;
    .port_info 0 /INPUT 3 "typ";
    .port_info 1 /INPUT 32 "num";
    .port_info 2 /OUTPUT 32 "out";
v0000022badea4010_0 .net "num", 31 0, v0000022badea2c10_0;  alias, 1 drivers
v0000022badea28f0_0 .var "out", 31 0;
v0000022badea2990_0 .net "typ", 2 0, v0000022badeebaf0_0;  alias, 1 drivers
v0000022badea2a30_0 .var "val", 11 0;
E_0000022bade8a950 .event anyedge, v0000022badea2990_0, v0000022badea4010_0, v0000022badea2a30_0;
S_0000022bade76030 .scope module, "insmem" "instruction_memory" 3 73, 3 239 0, S_0000022bade7b9b0;
 .timescale 0 0;
    .port_info 0 /INPUT 32 "addr";
    .port_info 1 /OUTPUT 32 "rd";
v0000022badea2ad0 .array "RAM", 63 0, 31 0;
v0000022badea2b70_0 .net "addr", 31 0, v0000022badea3f70_0;  alias, 1 drivers
v0000022badea2c10_0 .var "rd", 31 0;
v0000022badea2ad0_0 .array/port v0000022badea2ad0, 0;
v0000022badea2ad0_1 .array/port v0000022badea2ad0, 1;
v0000022badea2ad0_2 .array/port v0000022badea2ad0, 2;
E_0000022bade8a610/0 .event anyedge, v0000022badea3f70_0, v0000022badea2ad0_0, v0000022badea2ad0_1, v0000022badea2ad0_2;
v0000022badea2ad0_3 .array/port v0000022badea2ad0, 3;
v0000022badea2ad0_4 .array/port v0000022badea2ad0, 4;
v0000022badea2ad0_5 .array/port v0000022badea2ad0, 5;
v0000022badea2ad0_6 .array/port v0000022badea2ad0, 6;
E_0000022bade8a610/1 .event anyedge, v0000022badea2ad0_3, v0000022badea2ad0_4, v0000022badea2ad0_5, v0000022badea2ad0_6;
v0000022badea2ad0_7 .array/port v0000022badea2ad0, 7;
v0000022badea2ad0_8 .array/port v0000022badea2ad0, 8;
v0000022badea2ad0_9 .array/port v0000022badea2ad0, 9;
v0000022badea2ad0_10 .array/port v0000022badea2ad0, 10;
E_0000022bade8a610/2 .event anyedge, v0000022badea2ad0_7, v0000022badea2ad0_8, v0000022badea2ad0_9, v0000022badea2ad0_10;
v0000022badea2ad0_11 .array/port v0000022badea2ad0, 11;
v0000022badea2ad0_12 .array/port v0000022badea2ad0, 12;
v0000022badea2ad0_13 .array/port v0000022badea2ad0, 13;
v0000022badea2ad0_14 .array/port v0000022badea2ad0, 14;
E_0000022bade8a610/3 .event anyedge, v0000022badea2ad0_11, v0000022badea2ad0_12, v0000022badea2ad0_13, v0000022badea2ad0_14;
v0000022badea2ad0_15 .array/port v0000022badea2ad0, 15;
v0000022badea2ad0_16 .array/port v0000022badea2ad0, 16;
v0000022badea2ad0_17 .array/port v0000022badea2ad0, 17;
v0000022badea2ad0_18 .array/port v0000022badea2ad0, 18;
E_0000022bade8a610/4 .event anyedge, v0000022badea2ad0_15, v0000022badea2ad0_16, v0000022badea2ad0_17, v0000022badea2ad0_18;
v0000022badea2ad0_19 .array/port v0000022badea2ad0, 19;
v0000022badea2ad0_20 .array/port v0000022badea2ad0, 20;
v0000022badea2ad0_21 .array/port v0000022badea2ad0, 21;
v0000022badea2ad0_22 .array/port v0000022badea2ad0, 22;
E_0000022bade8a610/5 .event anyedge, v0000022badea2ad0_19, v0000022badea2ad0_20, v0000022badea2ad0_21, v0000022badea2ad0_22;
v0000022badea2ad0_23 .array/port v0000022badea2ad0, 23;
v0000022badea2ad0_24 .array/port v0000022badea2ad0, 24;
v0000022badea2ad0_25 .array/port v0000022badea2ad0, 25;
v0000022badea2ad0_26 .array/port v0000022badea2ad0, 26;
E_0000022bade8a610/6 .event anyedge, v0000022badea2ad0_23, v0000022badea2ad0_24, v0000022badea2ad0_25, v0000022badea2ad0_26;
v0000022badea2ad0_27 .array/port v0000022badea2ad0, 27;
v0000022badea2ad0_28 .array/port v0000022badea2ad0, 28;
v0000022badea2ad0_29 .array/port v0000022badea2ad0, 29;
v0000022badea2ad0_30 .array/port v0000022badea2ad0, 30;
E_0000022bade8a610/7 .event anyedge, v0000022badea2ad0_27, v0000022badea2ad0_28, v0000022badea2ad0_29, v0000022badea2ad0_30;
v0000022badea2ad0_31 .array/port v0000022badea2ad0, 31;
v0000022badea2ad0_32 .array/port v0000022badea2ad0, 32;
v0000022badea2ad0_33 .array/port v0000022badea2ad0, 33;
v0000022badea2ad0_34 .array/port v0000022badea2ad0, 34;
E_0000022bade8a610/8 .event anyedge, v0000022badea2ad0_31, v0000022badea2ad0_32, v0000022badea2ad0_33, v0000022badea2ad0_34;
v0000022badea2ad0_35 .array/port v0000022badea2ad0, 35;
v0000022badea2ad0_36 .array/port v0000022badea2ad0, 36;
v0000022badea2ad0_37 .array/port v0000022badea2ad0, 37;
v0000022badea2ad0_38 .array/port v0000022badea2ad0, 38;
E_0000022bade8a610/9 .event anyedge, v0000022badea2ad0_35, v0000022badea2ad0_36, v0000022badea2ad0_37, v0000022badea2ad0_38;
v0000022badea2ad0_39 .array/port v0000022badea2ad0, 39;
v0000022badea2ad0_40 .array/port v0000022badea2ad0, 40;
v0000022badea2ad0_41 .array/port v0000022badea2ad0, 41;
v0000022badea2ad0_42 .array/port v0000022badea2ad0, 42;
E_0000022bade8a610/10 .event anyedge, v0000022badea2ad0_39, v0000022badea2ad0_40, v0000022badea2ad0_41, v0000022badea2ad0_42;
v0000022badea2ad0_43 .array/port v0000022badea2ad0, 43;
v0000022badea2ad0_44 .array/port v0000022badea2ad0, 44;
v0000022badea2ad0_45 .array/port v0000022badea2ad0, 45;
v0000022badea2ad0_46 .array/port v0000022badea2ad0, 46;
E_0000022bade8a610/11 .event anyedge, v0000022badea2ad0_43, v0000022badea2ad0_44, v0000022badea2ad0_45, v0000022badea2ad0_46;
v0000022badea2ad0_47 .array/port v0000022badea2ad0, 47;
v0000022badea2ad0_48 .array/port v0000022badea2ad0, 48;
v0000022badea2ad0_49 .array/port v0000022badea2ad0, 49;
v0000022badea2ad0_50 .array/port v0000022badea2ad0, 50;
E_0000022bade8a610/12 .event anyedge, v0000022badea2ad0_47, v0000022badea2ad0_48, v0000022badea2ad0_49, v0000022badea2ad0_50;
v0000022badea2ad0_51 .array/port v0000022badea2ad0, 51;
v0000022badea2ad0_52 .array/port v0000022badea2ad0, 52;
v0000022badea2ad0_53 .array/port v0000022badea2ad0, 53;
v0000022badea2ad0_54 .array/port v0000022badea2ad0, 54;
E_0000022bade8a610/13 .event anyedge, v0000022badea2ad0_51, v0000022badea2ad0_52, v0000022badea2ad0_53, v0000022badea2ad0_54;
v0000022badea2ad0_55 .array/port v0000022badea2ad0, 55;
v0000022badea2ad0_56 .array/port v0000022badea2ad0, 56;
v0000022badea2ad0_57 .array/port v0000022badea2ad0, 57;
v0000022badea2ad0_58 .array/port v0000022badea2ad0, 58;
E_0000022bade8a610/14 .event anyedge, v0000022badea2ad0_55, v0000022badea2ad0_56, v0000022badea2ad0_57, v0000022badea2ad0_58;
v0000022badea2ad0_59 .array/port v0000022badea2ad0, 59;
v0000022badea2ad0_60 .array/port v0000022badea2ad0, 60;
v0000022badea2ad0_61 .array/port v0000022badea2ad0, 61;
v0000022badea2ad0_62 .array/port v0000022badea2ad0, 62;
E_0000022bade8a610/15 .event anyedge, v0000022badea2ad0_59, v0000022badea2ad0_60, v0000022badea2ad0_61, v0000022badea2ad0_62;
v0000022badea2ad0_63 .array/port v0000022badea2ad0, 63;
E_0000022bade8a610/16 .event anyedge, v0000022badea2ad0_63;
E_0000022bade8a610 .event/or E_0000022bade8a610/0, E_0000022bade8a610/1, E_0000022bade8a610/2, E_0000022bade8a610/3, E_0000022bade8a610/4, E_0000022bade8a610/5, E_0000022bade8a610/6, E_0000022bade8a610/7, E_0000022bade8a610/8, E_0000022bade8a610/9, E_0000022bade8a610/10, E_0000022bade8a610/11, E_0000022bade8a610/12, E_0000022bade8a610/13, E_0000022bade8a610/14, E_0000022bade8a610/15, E_0000022bade8a610/16;
S_0000022bade73ce0 .scope module, "muxD" "mux32bit2_1" 3 121, 3 445 0, S_0000022bade7b9b0;
 .timescale 0 0;
    .port_info 0 /INPUT 32 "in1";
    .port_info 1 /INPUT 32 "in2";
    .port_info 2 /INPUT 1 "select";
    .port_info 3 /OUTPUT 32 "out";
v0000022badea2cb0_0 .net "in1", 31 0, v0000022badea3d90_0;  alias, 1 drivers
v0000022badea3430_0 .net "in2", 31 0, L_0000022badf33280;  alias, 1 drivers
v0000022badea34d0_0 .var "out", 31 0;
v0000022badea3570_0 .net "select", 0 0, v0000022badeeaab0_0;  alias, 1 drivers
E_0000022bade8add0 .event anyedge, v0000022badea3570_0, v0000022badea2670_0, v0000022badea3070_0;
S_0000022bade571a0 .scope module, "muxRTA" "mux32bit2_1" 3 107, 3 445 0, S_0000022bade7b9b0;
 .timescale 0 0;
    .port_info 0 /INPUT 32 "in1";
    .port_info 1 /INPUT 32 "in2";
    .port_info 2 /INPUT 1 "select";
    .port_info 3 /OUTPUT 32 "out";
v0000022badea3610_0 .net "in1", 31 0, L_0000022badf34620;  alias, 1 drivers
v0000022bade90c40_0 .net "in2", 31 0, v0000022badea28f0_0;  alias, 1 drivers
v0000022bade90d80_0 .var "out", 31 0;
v0000022bade907e0_0 .net "select", 0 0, o0000022badea69a8;  alias, 0 drivers
E_0000022bade8ad10 .event anyedge, v0000022bade907e0_0, v0000022badea2df0_0, v0000022badea37f0_0;
S_0000022bade57330 .scope module, "reg_file" "regfile" 3 78, 3 268 0, S_0000022bade7b9b0;
 .timescale 0 0;
    .port_info 0 /INPUT 1 "clk";
    .port_info 1 /INPUT 1 "rst_n";
    .port_info 2 /INPUT 1 "we";
    .port_info 3 /INPUT 5 "rs1";
    .port_info 4 /INPUT 5 "rs2";
    .port_info 5 /INPUT 5 "rs3";
    .port_info 6 /INPUT 32 "data_in";
    .port_info 7 /OUTPUT 32 "data_out1";
    .port_info 8 /OUTPUT 32 "data_out2";
L_0000022badf34380 .functor BUFZ 32, L_0000022badf32e20, C4<00000000000000000000000000000000>, C4<00000000000000000000000000000000>, C4<00000000000000000000000000000000>;
L_0000022badf34620 .functor BUFZ 32, L_0000022badf33dc0, C4<00000000000000000000000000000000>, C4<00000000000000000000000000000000>, C4<00000000000000000000000000000000>;
v0000022badeeb4b0_0 .net *"_ivl_0", 31 0, L_0000022badf32e20;  1 drivers
v0000022badeebd70_0 .net *"_ivl_10", 6 0, L_0000022badf329c0;  1 drivers
L_0000022badf350c8 .functor BUFT 1, C4<00>, C4<0>, C4<0>, C4<0>;
v0000022badeebff0_0 .net *"_ivl_13", 1 0, L_0000022badf350c8;  1 drivers
v0000022badeebeb0_0 .net *"_ivl_2", 6 0, L_0000022badf33140;  1 drivers
L_0000022badf35080 .functor BUFT 1, C4<00>, C4<0>, C4<0>, C4<0>;
v0000022badeea8d0_0 .net *"_ivl_5", 1 0, L_0000022badf35080;  1 drivers
v0000022badeeb2d0_0 .net *"_ivl_8", 31 0, L_0000022badf33dc0;  1 drivers
v0000022badeeae70_0 .net "clk", 0 0, v0000022badf33d20_0;  alias, 1 drivers
v0000022badeeb5f0_0 .net "data_in", 31 0, v0000022badea34d0_0;  alias, 1 drivers
v0000022badeeab50_0 .net "data_out1", 31 0, L_0000022badf34380;  alias, 1 drivers
v0000022badeead30_0 .net "data_out2", 31 0, L_0000022badf34620;  alias, 1 drivers
v0000022badeeabf0_0 .var/i "i", 31 0;
v0000022badeeba50 .array "reg_file", 0 31, 31 0;
v0000022badeec090_0 .net "rs1", 4 0, L_0000022badf33f00;  1 drivers
v0000022badeeb550_0 .net "rs2", 4 0, L_0000022badf32060;  1 drivers
v0000022badeeb7d0_0 .net "rs3", 4 0, L_0000022badf32240;  1 drivers
v0000022badeebf50_0 .net "rst_n", 0 0, v0000022badf333c0_0;  alias, 1 drivers
v0000022badeeb370_0 .net "we", 0 0, v0000022badeea290_0;  alias, 1 drivers
L_0000022badf32e20 .array/port v0000022badeeba50, L_0000022badf33140;
L_0000022badf33140 .concat [ 5 2 0 0], L_0000022badf33f00, L_0000022badf35080;
L_0000022badf33dc0 .array/port v0000022badeeba50, L_0000022badf329c0;
L_0000022badf329c0 .concat [ 5 2 0 0], L_0000022badf32060, L_0000022badf350c8;
S_0000022bade574c0 .scope module, "rv32i" "rv32i_controller" 3 36, 3 301 0, S_0000022bade7b9b0;
 .timescale 0 0;
    .port_info 0 /INPUT 7 "opcode";
    .port_info 1 /INPUT 3 "func3";
    .port_info 2 /INPUT 7 "func7";
    .port_info 3 /INPUT 1 "zero";
    .port_info 4 /OUTPUT 1 "regWrite";
    .port_info 5 /OUTPUT 1 "memWrite";
    .port_info 6 /OUTPUT 4 "aluOp";
    .port_info 7 /OUTPUT 3 "extO";
    .port_info 8 /OUTPUT 1 "aluSrc";
    .port_info 9 /OUTPUT 2 "pcsrc";
    .port_info 10 /OUTPUT 1 "resultsrc";
    .port_info 11 /OUTPUT 1 "zer";
v0000022badeeb910_0 .var "aluOp", 3 0;
v0000022badeeb690_0 .var "aluSrc", 0 0;
v0000022badeebaf0_0 .var "extO", 2 0;
v0000022badeea830_0 .var "func", 9 0;
v0000022badeea510_0 .net "func3", 2 0, L_0000022badf33b40;  1 drivers
v0000022badeea790_0 .net "func7", 6 0, L_0000022badf33be0;  1 drivers
v0000022badeeb9b0_0 .var "memWrite", 0 0;
v0000022badeeac90_0 .net "opcode", 6 0, L_0000022badf32880;  1 drivers
v0000022badeea1f0_0 .var "pcsrc", 1 0;
v0000022badeea290_0 .var "regWrite", 0 0;
v0000022badeeaab0_0 .var "resultsrc", 0 0;
v0000022badeeb870_0 .var "zer", 0 0;
v0000022badeeaa10_0 .net "zero", 0 0, v0000022badea3930_0;  alias, 1 drivers
E_0000022bade8ad50/0 .event anyedge, v0000022badeeac90_0, v0000022badeea790_0, v0000022badeea510_0, v0000022badeea830_0;
E_0000022bade8ad50/1 .event anyedge, v0000022badea3930_0;
E_0000022bade8ad50 .event/or E_0000022bade8ad50/0, E_0000022bade8ad50/1;
    .scope S_0000022bade574c0;
T_0 ;
    %wait E_0000022bade8ad50;
    %load/vec4 v0000022badeeac90_0;
    %dup/vec4;
    %pushi/vec4 51, 0, 7;
    %cmp/u;
    %jmp/1 T_0.0, 6;
    %dup/vec4;
    %pushi/vec4 19, 0, 7;
    %cmp/u;
    %jmp/1 T_0.1, 6;
    %dup/vec4;
    %pushi/vec4 3, 0, 7;
    %cmp/u;
    %jmp/1 T_0.2, 6;
    %dup/vec4;
    %pushi/vec4 35, 0, 7;
    %cmp/u;
    %jmp/1 T_0.3, 6;
    %dup/vec4;
    %pushi/vec4 99, 0, 7;
    %cmp/u;
    %jmp/1 T_0.4, 6;
    %dup/vec4;
    %pushi/vec4 111, 0, 7;
    %cmp/u;
    %jmp/1 T_0.5, 6;
    %dup/vec4;
    %pushi/vec4 103, 0, 7;
    %cmp/u;
    %jmp/1 T_0.6, 6;
    %dup/vec4;
    %pushi/vec4 55, 0, 7;
    %cmp/u;
    %jmp/1 T_0.7, 6;
    %dup/vec4;
    %pushi/vec4 23, 0, 7;
    %cmp/u;
    %jmp/1 T_0.8, 6;
    %pushi/vec4 0, 0, 1;
    %store/vec4 v0000022badeea290_0, 0, 1;
    %pushi/vec4 0, 0, 1;
    %store/vec4 v0000022badeeb9b0_0, 0, 1;
    %pushi/vec4 0, 0, 2;
    %store/vec4 v0000022badeea1f0_0, 0, 2;
    %pushi/vec4 0, 0, 4;
    %store/vec4 v0000022badeeb910_0, 0, 4;
    %pushi/vec4 0, 0, 1;
    %store/vec4 v0000022badeeb690_0, 0, 1;
    %jmp T_0.10;
T_0.0 ;
    %load/vec4 v0000022badeea790_0;
    %load/vec4 v0000022badeea510_0;
    %concat/vec4; draw_concat_vec4
    %store/vec4 v0000022badeea830_0, 0, 10;
    %pushi/vec4 1, 0, 1;
    %store/vec4 v0000022badeea290_0, 0, 1;
    %pushi/vec4 0, 0, 1;
    %store/vec4 v0000022badeeb9b0_0, 0, 1;
    %pushi/vec4 0, 0, 1;
    %store/vec4 v0000022badeeb690_0, 0, 1;
    %pushi/vec4 0, 0, 2;
    %store/vec4 v0000022badeea1f0_0, 0, 2;
    %pushi/vec4 0, 0, 1;
    %store/vec4 v0000022badeeaab0_0, 0, 1;
    %load/vec4 v0000022badeea830_0;
    %dup/vec4;
    %pushi/vec4 0, 0, 10;
    %cmp/u;
    %jmp/1 T_0.11, 6;
    %dup/vec4;
    %pushi/vec4 258, 0, 10;
    %cmp/u;
    %jmp/1 T_0.12, 6;
    %dup/vec4;
    %pushi/vec4 257, 0, 10;
    %cmp/u;
    %jmp/1 T_0.13, 6;
    %dup/vec4;
    %pushi/vec4 386, 0, 10;
    %cmp/u;
    %jmp/1 T_0.14, 6;
    %dup/vec4;
    %pushi/vec4 224, 0, 10;
    %cmp/u;
    %jmp/1 T_0.15, 6;
    %jmp T_0.16;
T_0.11 ;
    %pushi/vec4 2, 0, 4;
    %store/vec4 v0000022badeeb910_0, 0, 4;
    %jmp T_0.16;
T_0.12 ;
    %pushi/vec4 0, 0, 4;
    %store/vec4 v0000022badeeb910_0, 0, 4;
    %jmp T_0.16;
T_0.13 ;
    %pushi/vec4 0, 0, 4;
    %store/vec4 v0000022badeeb910_0, 0, 4;
    %jmp T_0.16;
T_0.14 ;
    %pushi/vec4 0, 0, 4;
    %store/vec4 v0000022badeeb910_0, 0, 4;
    %jmp T_0.16;
T_0.15 ;
    %pushi/vec4 0, 0, 4;
    %store/vec4 v0000022badeeb910_0, 0, 4;
    %jmp T_0.16;
T_0.16 ;
    %pop/vec4 1;
    %jmp T_0.10;
T_0.1 ;
    %pushi/vec4 1, 0, 1;
    %store/vec4 v0000022badeea290_0, 0, 1;
    %pushi/vec4 0, 0, 1;
    %store/vec4 v0000022badeeb9b0_0, 0, 1;
    %pushi/vec4 0, 0, 1;
    %store/vec4 v0000022badeeaab0_0, 0, 1;
    %pushi/vec4 2, 0, 4;
    %store/vec4 v0000022badeeb910_0, 0, 4;
    %pushi/vec4 1, 0, 1;
    %store/vec4 v0000022badeeb690_0, 0, 1;
    %pushi/vec4 3, 0, 3;
    %store/vec4 v0000022badeebaf0_0, 0, 3;
    %pushi/vec4 0, 0, 2;
    %store/vec4 v0000022badeea1f0_0, 0, 2;
    %jmp T_0.10;
T_0.2 ;
    %pushi/vec4 1, 0, 1;
    %store/vec4 v0000022badeea290_0, 0, 1;
    %pushi/vec4 0, 0, 1;
    %store/vec4 v0000022badeeb9b0_0, 0, 1;
    %pushi/vec4 0, 0, 4;
    %store/vec4 v0000022badeeb910_0, 0, 4;
    %pushi/vec4 1, 0, 1;
    %store/vec4 v0000022badeeb690_0, 0, 1;
    %pushi/vec4 2, 0, 3;
    %store/vec4 v0000022badeebaf0_0, 0, 3;
    %jmp T_0.10;
T_0.3 ;
    %pushi/vec4 0, 0, 1;
    %store/vec4 v0000022badeea290_0, 0, 1;
    %pushi/vec4 1, 0, 1;
    %store/vec4 v0000022badeeb9b0_0, 0, 1;
    %pushi/vec4 1, 0, 1;
    %store/vec4 v0000022badeeaab0_0, 0, 1;
    %pushi/vec4 2, 0, 3;
    %store/vec4 v0000022badeebaf0_0, 0, 3;
    %pushi/vec4 2, 0, 4;
    %store/vec4 v0000022badeeb910_0, 0, 4;
    %pushi/vec4 1, 0, 1;
    %store/vec4 v0000022badeeb690_0, 0, 1;
    %pushi/vec4 0, 0, 2;
    %store/vec4 v0000022badeea1f0_0, 0, 2;
    %jmp T_0.10;
T_0.4 ;
    %pushi/vec4 0, 0, 1;
    %store/vec4 v0000022badeea290_0, 0, 1;
    %pushi/vec4 0, 0, 1;
    %store/vec4 v0000022badeeaab0_0, 0, 1;
    %pushi/vec4 0, 0, 3;
    %store/vec4 v0000022badeebaf0_0, 0, 3;
    %pushi/vec4 0, 0, 1;
    %store/vec4 v0000022badeeb9b0_0, 0, 1;
    %pushi/vec4 0, 0, 1;
    %store/vec4 v0000022badeeb690_0, 0, 1;
    %pushi/vec4 3, 0, 4;
    %store/vec4 v0000022badeeb910_0, 0, 4;
    %load/vec4 v0000022badeea510_0;
    %dup/vec4;
    %pushi/vec4 0, 0, 3;
    %cmp/u;
    %jmp/1 T_0.17, 6;
    %dup/vec4;
    %pushi/vec4 1, 0, 3;
    %cmp/u;
    %jmp/1 T_0.18, 6;
    %dup/vec4;
    %pushi/vec4 4, 0, 3;
    %cmp/u;
    %jmp/1 T_0.19, 6;
    %dup/vec4;
    %pushi/vec4 5, 0, 3;
    %cmp/u;
    %jmp/1 T_0.20, 6;
    %dup/vec4;
    %pushi/vec4 6, 0, 3;
    %cmp/u;
    %jmp/1 T_0.21, 6;
    %dup/vec4;
    %pushi/vec4 7, 0, 3;
    %cmp/u;
    %jmp/1 T_0.22, 6;
    %jmp T_0.23;
T_0.17 ;
    %pushi/vec4 3, 0, 4;
    %store/vec4 v0000022badeeb910_0, 0, 4;
    %load/vec4 v0000022badeeaa10_0;
    %pad/u 32;
    %cmpi/e 0, 0, 32;
    %flag_mov 8, 4;
    %jmp/0 T_0.24, 8;
    %pushi/vec4 0, 0, 2;
    %jmp/1 T_0.25, 8;
T_0.24 ; End of true expr.
    %pushi/vec4 3, 0, 2;
    %jmp/0 T_0.25, 8;
 ; End of false expr.
    %blend;
T_0.25;
    %store/vec4 v0000022badeea1f0_0, 0, 2;
    %jmp T_0.23;
T_0.18 ;
    %pushi/vec4 3, 0, 4;
    %store/vec4 v0000022badeeb910_0, 0, 4;
    %load/vec4 v0000022badeeaa10_0;
    %pad/u 32;
    %cmpi/e 0, 0, 32;
    %flag_mov 8, 4;
    %jmp/0 T_0.26, 8;
    %pushi/vec4 3, 0, 2;
    %jmp/1 T_0.27, 8;
T_0.26 ; End of true expr.
    %pushi/vec4 0, 0, 2;
    %jmp/0 T_0.27, 8;
 ; End of false expr.
    %blend;
T_0.27;
    %store/vec4 v0000022badeea1f0_0, 0, 2;
    %jmp T_0.23;
T_0.19 ;
    %pushi/vec4 3, 0, 4;
    %store/vec4 v0000022badeeb910_0, 0, 4;
    %load/vec4 v0000022badeeaa10_0;
    %flag_set/vec4 8;
    %jmp/0 T_0.28, 8;
    %pushi/vec4 0, 0, 2;
    %jmp/1 T_0.29, 8;
T_0.28 ; End of true expr.
    %pushi/vec4 1, 0, 2;
    %jmp/0 T_0.29, 8;
 ; End of false expr.
    %blend;
T_0.29;
    %store/vec4 v0000022badeea1f0_0, 0, 2;
    %jmp T_0.23;
T_0.20 ;
    %pushi/vec4 3, 0, 4;
    %store/vec4 v0000022badeeb910_0, 0, 4;
    %load/vec4 v0000022badeeaa10_0;
    %flag_set/vec4 8;
    %jmp/0 T_0.30, 8;
    %pushi/vec4 0, 0, 2;
    %jmp/1 T_0.31, 8;
T_0.30 ; End of true expr.
    %pushi/vec4 1, 0, 2;
    %jmp/0 T_0.31, 8;
 ; End of false expr.
    %blend;
T_0.31;
    %store/vec4 v0000022badeea1f0_0, 0, 2;
    %jmp T_0.23;
T_0.21 ;
    %pushi/vec4 3, 0, 4;
    %store/vec4 v0000022badeeb910_0, 0, 4;
    %load/vec4 v0000022badeeaa10_0;
    %flag_set/vec4 8;
    %jmp/0 T_0.32, 8;
    %pushi/vec4 0, 0, 2;
    %jmp/1 T_0.33, 8;
T_0.32 ; End of true expr.
    %pushi/vec4 1, 0, 2;
    %jmp/0 T_0.33, 8;
 ; End of false expr.
    %blend;
T_0.33;
    %store/vec4 v0000022badeea1f0_0, 0, 2;
    %jmp T_0.23;
T_0.22 ;
    %pushi/vec4 3, 0, 4;
    %store/vec4 v0000022badeeb910_0, 0, 4;
    %load/vec4 v0000022badeeaa10_0;
    %flag_set/vec4 8;
    %jmp/0 T_0.34, 8;
    %pushi/vec4 0, 0, 2;
    %jmp/1 T_0.35, 8;
T_0.34 ; End of true expr.
    %pushi/vec4 1, 0, 2;
    %jmp/0 T_0.35, 8;
 ; End of false expr.
    %blend;
T_0.35;
    %store/vec4 v0000022badeea1f0_0, 0, 2;
    %jmp T_0.23;
T_0.23 ;
    %pop/vec4 1;
    %jmp T_0.10;
T_0.5 ;
    %pushi/vec4 1, 0, 1;
    %store/vec4 v0000022badeea290_0, 0, 1;
    %pushi/vec4 0, 0, 1;
    %store/vec4 v0000022badeeb9b0_0, 0, 1;
    %pushi/vec4 0, 0, 4;
    %store/vec4 v0000022badeeb910_0, 0, 4;
    %pushi/vec4 0, 0, 1;
    %store/vec4 v0000022badeeb690_0, 0, 1;
    %jmp T_0.10;
T_0.6 ;
    %pushi/vec4 1, 0, 1;
    %store/vec4 v0000022badeea290_0, 0, 1;
    %pushi/vec4 0, 0, 1;
    %store/vec4 v0000022badeeb9b0_0, 0, 1;
    %pushi/vec4 0, 0, 1;
    %store/vec4 v0000022badeeaab0_0, 0, 1;
    %pushi/vec4 3, 0, 3;
    %store/vec4 v0000022badeebaf0_0, 0, 3;
    %pushi/vec4 2, 0, 4;
    %store/vec4 v0000022badeeb910_0, 0, 4;
    %pushi/vec4 1, 0, 1;
    %store/vec4 v0000022badeeb690_0, 0, 1;
    %pushi/vec4 2, 0, 2;
    %store/vec4 v0000022badeea1f0_0, 0, 2;
    %jmp T_0.10;
T_0.7 ;
    %pushi/vec4 1, 0, 1;
    %store/vec4 v0000022badeea290_0, 0, 1;
    %pushi/vec4 0, 0, 1;
    %store/vec4 v0000022badeeb9b0_0, 0, 1;
    %pushi/vec4 1, 0, 3;
    %store/vec4 v0000022badeebaf0_0, 0, 3;
    %pushi/vec4 0, 0, 4;
    %store/vec4 v0000022badeeb910_0, 0, 4;
    %pushi/vec4 1, 0, 1;
    %store/vec4 v0000022badeeb690_0, 0, 1;
    %jmp T_0.10;
T_0.8 ;
    %pushi/vec4 1, 0, 1;
    %store/vec4 v0000022badeea290_0, 0, 1;
    %pushi/vec4 0, 0, 1;
    %store/vec4 v0000022badeeb9b0_0, 0, 1;
    %pushi/vec4 1, 0, 3;
    %store/vec4 v0000022badeebaf0_0, 0, 3;
    %pushi/vec4 0, 0, 4;
    %store/vec4 v0000022badeeb910_0, 0, 4;
    %pushi/vec4 1, 0, 1;
    %store/vec4 v0000022badeeb690_0, 0, 1;
    %jmp T_0.10;
T_0.10 ;
    %pop/vec4 1;
    %jmp T_0;
    .thread T_0, $push;
    .scope S_0000022bade7bcd0;
T_1 ;
    %pushi/vec4 0, 0, 32;
    %store/vec4 v0000022badea2210_0, 0, 32;
    %load/vec4 v0000022badea2210_0;
    %store/vec4 v0000022badea3f70_0, 0, 32;
    %end;
    .thread T_1;
    .scope S_0000022bade7bcd0;
T_2 ;
    %wait E_0000022bade8c810;
    %load/vec4 v0000022badea2850_0;
    %assign/vec4 v0000022badea3f70_0, 0;
    %jmp T_2;
    .thread T_2;
    .scope S_0000022bade64ce0;
T_3 ;
    %wait E_0000022bade8cb50;
    %load/vec4 v0000022badea2e90_0;
    %dup/vec4;
    %pushi/vec4 0, 0, 2;
    %cmp/u;
    %jmp/1 T_3.0, 6;
    %dup/vec4;
    %pushi/vec4 1, 0, 2;
    %cmp/u;
    %jmp/1 T_3.1, 6;
    %dup/vec4;
    %pushi/vec4 2, 0, 2;
    %cmp/u;
    %jmp/1 T_3.2, 6;
    %dup/vec4;
    %pushi/vec4 3, 0, 2;
    %cmp/u;
    %jmp/1 T_3.3, 6;
    %jmp T_3.4;
T_3.0 ;
    %load/vec4 v0000022badea3a70_0;
    %store/vec4 v0000022badea3cf0_0, 0, 32;
    %jmp T_3.4;
T_3.1 ;
    %load/vec4 v0000022badea3bb0_0;
    %store/vec4 v0000022badea3cf0_0, 0, 32;
    %jmp T_3.4;
T_3.2 ;
    %load/vec4 v0000022badea3070_0;
    %store/vec4 v0000022badea3cf0_0, 0, 32;
    %jmp T_3.4;
T_3.3 ;
    %load/vec4 v0000022badea3890_0;
    %store/vec4 v0000022badea3cf0_0, 0, 32;
    %jmp T_3.4;
T_3.4 ;
    %pop/vec4 1;
    %jmp T_3;
    .thread T_3, $push;
    .scope S_0000022bade64e70;
T_4 ;
    %wait E_0000022bade8ac10;
    %load/vec4 v0000022badea23f0_0;
    %load/vec4 v0000022badea2350_0;
    %add;
    %store/vec4 v0000022badea3110_0, 0, 32;
    %jmp T_4;
    .thread T_4, $push;
    .scope S_0000022bade65000;
T_5 ;
    %wait E_0000022bade8a2d0;
    %load/vec4 v0000022badea2f30_0;
    %load/vec4 v0000022badea2d50_0;
    %add;
    %store/vec4 v0000022badea31b0_0, 0, 32;
    %jmp T_5;
    .thread T_5, $push;
    .scope S_0000022bade76030;
T_6 ;
    %pushi/vec4 147, 0, 32;
    %ix/load 4, 0, 0;
    %flag_set/imm 4, 0;
    %store/vec4a v0000022badea2ad0, 4, 0;
    %pushi/vec4 8388883, 0, 32;
    %ix/load 4, 1, 0;
    %flag_set/imm 4, 0;
    %store/vec4a v0000022badea2ad0, 4, 0;
    %pushi/vec4 1081491, 0, 32;
    %ix/load 4, 2, 0;
    %flag_set/imm 4, 0;
    %store/vec4a v0000022badea2ad0, 4, 0;
    %pushi/vec4 1118563, 0, 32;
    %ix/load 4, 3, 0;
    %flag_set/imm 4, 0;
    %store/vec4a v0000022badea2ad0, 4, 0;
    %end;
    .thread T_6;
    .scope S_0000022bade76030;
T_7 ;
    %wait E_0000022bade8a610;
    %ix/getv 4, v0000022badea2b70_0;
    %load/vec4a v0000022badea2ad0, 4;
    %store/vec4 v0000022badea2c10_0, 0, 32;
    %jmp T_7;
    .thread T_7, $push;
    .scope S_0000022bade57330;
T_8 ;
    %pushi/vec4 0, 0, 32;
    %store/vec4 v0000022badeeabf0_0, 0, 32;
    %end;
    .thread T_8;
    .scope S_0000022bade57330;
T_9 ;
    %pushi/vec4 0, 0, 32;
    %ix/load 4, 0, 0;
    %flag_set/imm 4, 0;
    %store/vec4a v0000022badeeba50, 4, 0;
    %pushi/vec4 2, 0, 32;
    %ix/load 4, 1, 0;
    %flag_set/imm 4, 0;
    %store/vec4a v0000022badeeba50, 4, 0;
    %pushi/vec4 0, 0, 32;
    %ix/load 4, 2, 0;
    %flag_set/imm 4, 0;
    %store/vec4a v0000022badeeba50, 4, 0;
    %pushi/vec4 9, 0, 32;
    %ix/load 4, 5, 0;
    %flag_set/imm 4, 0;
    %store/vec4a v0000022badeeba50, 4, 0;
    %pushi/vec4 5, 0, 32;
    %ix/load 4, 6, 0;
    %flag_set/imm 4, 0;
    %store/vec4a v0000022badeeba50, 4, 0;
    %end;
    .thread T_9;
    .scope S_0000022bade57330;
T_10 ;
    %wait E_0000022bade8a4d0;
    %load/vec4 v0000022badeebf50_0;
    %nor/r;
    %flag_set/vec4 8;
    %jmp/0xz  T_10.0, 8;
    %pushi/vec4 0, 0, 32;
    %store/vec4 v0000022badeeabf0_0, 0, 32;
T_10.2 ;
    %load/vec4 v0000022badeeabf0_0;
    %cmpi/s 32, 0, 32;
    %jmp/0xz T_10.3, 5;
    %pushi/vec4 0, 0, 32;
    %ix/getv/s 3, v0000022badeeabf0_0;
    %ix/load 4, 0, 0; Constant delay
    %assign/vec4/a/d v0000022badeeba50, 0, 4;
    %load/vec4 v0000022badeeabf0_0;
    %addi 1, 0, 32;
    %store/vec4 v0000022badeeabf0_0, 0, 32;
    %jmp T_10.2;
T_10.3 ;
    %jmp T_10.1;
T_10.0 ;
    %load/vec4 v0000022badeeb370_0;
    %load/vec4 v0000022badeeb7d0_0;
    %pad/u 32;
    %pushi/vec4 0, 0, 32;
    %cmp/ne;
    %flag_get/vec4 4;
    %and;
    %flag_set/vec4 8;
    %jmp/0xz  T_10.4, 8;
    %load/vec4 v0000022badeeb5f0_0;
    %load/vec4 v0000022badeeb7d0_0;
    %pad/u 7;
    %ix/vec4 3;
    %ix/load 4, 0, 0; Constant delay
    %assign/vec4/a/d v0000022badeeba50, 0, 4;
T_10.4 ;
T_10.1 ;
    %jmp T_10;
    .thread T_10;
    .scope S_0000022bade5a870;
T_11 ;
    %wait E_0000022bade8a950;
    %load/vec4 v0000022badea2990_0;
    %dup/vec4;
    %pushi/vec4 2, 0, 3;
    %cmp/u;
    %jmp/1 T_11.0, 6;
    %dup/vec4;
    %pushi/vec4 3, 0, 3;
    %cmp/u;
    %jmp/1 T_11.1, 6;
    %dup/vec4;
    %pushi/vec4 1, 0, 3;
    %cmp/u;
    %jmp/1 T_11.2, 6;
    %dup/vec4;
    %pushi/vec4 0, 0, 3;
    %cmp/u;
    %jmp/1 T_11.3, 6;
    %pushi/vec4 0, 0, 32;
    %store/vec4 v0000022badea28f0_0, 0, 32;
    %jmp T_11.5;
T_11.0 ;
    %load/vec4 v0000022badea4010_0;
    %parti/s 7, 25, 6;
    %load/vec4 v0000022badea4010_0;
    %parti/s 5, 7, 4;
    %concat/vec4; draw_concat_vec4
    %store/vec4 v0000022badea2a30_0, 0, 12;
    %load/vec4 v0000022badea2a30_0;
    %parti/s 1, 11, 5;
    %pad/u 32;
    %cmpi/e 1, 0, 32;
    %flag_mov 8, 4;
    %jmp/0 T_11.6, 8;
    %pushi/vec4 1048575, 0, 20;
    %load/vec4 v0000022badea2a30_0;
    %concat/vec4; draw_concat_vec4
    %jmp/1 T_11.7, 8;
T_11.6 ; End of true expr.
    %pushi/vec4 0, 0, 20;
    %load/vec4 v0000022badea2a30_0;
    %concat/vec4; draw_concat_vec4
    %jmp/0 T_11.7, 8;
 ; End of false expr.
    %blend;
T_11.7;
    %store/vec4 v0000022badea28f0_0, 0, 32;
    %jmp T_11.5;
T_11.1 ;
    %load/vec4 v0000022badea4010_0;
    %parti/s 12, 20, 6;
    %store/vec4 v0000022badea2a30_0, 0, 12;
    %load/vec4 v0000022badea2a30_0;
    %parti/s 1, 11, 5;
    %pad/u 32;
    %cmpi/e 1, 0, 32;
    %flag_mov 8, 4;
    %jmp/0 T_11.8, 8;
    %pushi/vec4 1048575, 0, 20;
    %load/vec4 v0000022badea2a30_0;
    %concat/vec4; draw_concat_vec4
    %jmp/1 T_11.9, 8;
T_11.8 ; End of true expr.
    %pushi/vec4 0, 0, 20;
    %load/vec4 v0000022badea2a30_0;
    %concat/vec4; draw_concat_vec4
    %jmp/0 T_11.9, 8;
 ; End of false expr.
    %blend;
T_11.9;
    %store/vec4 v0000022badea28f0_0, 0, 32;
    %jmp T_11.5;
T_11.2 ;
    %load/vec4 v0000022badea4010_0;
    %parti/s 20, 12, 5;
    %pad/u 12;
    %store/vec4 v0000022badea2a30_0, 0, 12;
    %pushi/vec4 1, 1, 1;
    %flag_set/vec4 8;
    %jmp/0 T_11.10, 8;
    %pushi/vec4 4095, 0, 12;
    %load/vec4 v0000022badea2a30_0;
    %concat/vec4; draw_concat_vec4
    %pad/u 32;
    %jmp/1 T_11.11, 8;
T_11.10 ; End of true expr.
    %pushi/vec4 0, 0, 12;
    %load/vec4 v0000022badea2a30_0;
    %concat/vec4; draw_concat_vec4
    %pad/u 32;
    %jmp/0 T_11.11, 8;
 ; End of false expr.
    %blend;
T_11.11;
    %store/vec4 v0000022badea28f0_0, 0, 32;
    %jmp T_11.5;
T_11.3 ;
    %pushi/vec4 0, 0, 12;
    %load/vec4 v0000022badea4010_0;
    %parti/s 1, 7, 4;
    %pad/u 12;
    %ix/load 4, 11, 0;
    %flag_set/imm 4, 0;
    %shiftl 4;
    %or;
    %load/vec4 v0000022badea4010_0;
    %parti/s 6, 25, 6;
    %pad/u 12;
    %ix/load 4, 5, 0;
    %flag_set/imm 4, 0;
    %shiftl 4;
    %or;
    %load/vec4 v0000022badea4010_0;
    %parti/s 4, 8, 5;
    %pad/u 12;
    %ix/load 4, 1, 0;
    %flag_set/imm 4, 0;
    %shiftl 4;
    %or;
    %store/vec4 v0000022badea2a30_0, 0, 12;
    %load/vec4 v0000022badea2a30_0;
    %parti/s 1, 11, 5;
    %pad/u 32;
    %cmpi/e 1, 0, 32;
    %flag_mov 8, 4;
    %jmp/0 T_11.12, 8;
    %pushi/vec4 4095, 0, 12;
    %load/vec4 v0000022badea2a30_0;
    %concat/vec4; draw_concat_vec4
    %pad/u 32;
    %jmp/1 T_11.13, 8;
T_11.12 ; End of true expr.
    %pushi/vec4 0, 0, 12;
    %load/vec4 v0000022badea2a30_0;
    %concat/vec4; draw_concat_vec4
    %pad/u 32;
    %jmp/0 T_11.13, 8;
 ; End of false expr.
    %blend;
T_11.13;
    %store/vec4 v0000022badea28f0_0, 0, 32;
    %jmp T_11.5;
T_11.5 ;
    %pop/vec4 1;
    %jmp T_11;
    .thread T_11, $push;
    .scope S_0000022bade7bb40;
T_12 ;
    %wait E_0000022bade8c9d0;
    %load/vec4 v0000022badea22b0_0;
    %flag_set/vec4 8;
    %jmp/0 T_12.0, 8;
    %load/vec4 v0000022badea2df0_0;
    %jmp/1 T_12.1, 8;
T_12.0 ; End of true expr.
    %load/vec4 v0000022badea37f0_0;
    %jmp/0 T_12.1, 8;
 ; End of false expr.
    %blend;
T_12.1;
    %store/vec4 v0000022badea2fd0_0, 0, 32;
    %jmp T_12;
    .thread T_12, $push;
    .scope S_0000022bade5a550;
T_13 ;
    %wait E_0000022bade8a150;
    %load/vec4 v0000022badea2490_0;
    %dup/vec4;
    %pushi/vec4 0, 0, 4;
    %cmp/u;
    %jmp/1 T_13.0, 6;
    %dup/vec4;
    %pushi/vec4 1, 0, 4;
    %cmp/u;
    %jmp/1 T_13.1, 6;
    %dup/vec4;
    %pushi/vec4 2, 0, 4;
    %cmp/u;
    %jmp/1 T_13.2, 6;
    %dup/vec4;
    %pushi/vec4 3, 0, 4;
    %cmp/u;
    %jmp/1 T_13.3, 6;
    %dup/vec4;
    %pushi/vec4 4, 0, 4;
    %cmp/u;
    %jmp/1 T_13.4, 6;
    %dup/vec4;
    %pushi/vec4 5, 0, 4;
    %cmp/u;
    %jmp/1 T_13.5, 6;
    %dup/vec4;
    %pushi/vec4 6, 0, 4;
    %cmp/u;
    %jmp/1 T_13.6, 6;
    %dup/vec4;
    %pushi/vec4 7, 0, 4;
    %cmp/u;
    %jmp/1 T_13.7, 6;
    %dup/vec4;
    %pushi/vec4 8, 0, 4;
    %cmp/u;
    %jmp/1 T_13.8, 6;
    %pushi/vec4 0, 0, 32;
    %store/vec4 v0000022badea3d90_0, 0, 32;
    %jmp T_13.10;
T_13.0 ;
    %load/vec4 v0000022badea39d0_0;
    %load/vec4 v0000022badea3250_0;
    %and;
    %store/vec4 v0000022badea3d90_0, 0, 32;
    %jmp T_13.10;
T_13.1 ;
    %load/vec4 v0000022badea39d0_0;
    %load/vec4 v0000022badea3250_0;
    %or;
    %store/vec4 v0000022badea3d90_0, 0, 32;
    %jmp T_13.10;
T_13.2 ;
    %load/vec4 v0000022badea39d0_0;
    %load/vec4 v0000022badea3250_0;
    %add;
    %store/vec4 v0000022badea3d90_0, 0, 32;
    %jmp T_13.10;
T_13.3 ;
    %load/vec4 v0000022badea39d0_0;
    %load/vec4 v0000022badea3250_0;
    %sub;
    %store/vec4 v0000022badea3d90_0, 0, 32;
    %jmp T_13.10;
T_13.4 ;
    %load/vec4 v0000022badea39d0_0;
    %load/vec4 v0000022badea3250_0;
    %xor;
    %store/vec4 v0000022badea3d90_0, 0, 32;
    %jmp T_13.10;
T_13.5 ;
    %load/vec4 v0000022badea39d0_0;
    %load/vec4 v0000022badea3250_0;
    %or;
    %inv;
    %store/vec4 v0000022badea3d90_0, 0, 32;
    %jmp T_13.10;
T_13.6 ;
    %load/vec4 v0000022badea39d0_0;
    %load/vec4 v0000022badea3250_0;
    %parti/s 5, 0, 2;
    %ix/vec4 4;
    %shiftl 4;
    %store/vec4 v0000022badea3d90_0, 0, 32;
    %jmp T_13.10;
T_13.7 ;
    %load/vec4 v0000022badea39d0_0;
    %load/vec4 v0000022badea3250_0;
    %parti/s 5, 0, 2;
    %ix/vec4 4;
    %shiftr 4;
    %store/vec4 v0000022badea3d90_0, 0, 32;
    %jmp T_13.10;
T_13.8 ;
    %load/vec4 v0000022badea39d0_0;
    %load/vec4 v0000022badea3250_0;
    %cmp/u;
    %flag_mov 8, 5;
    %jmp/0 T_13.11, 8;
    %pushi/vec4 1, 0, 32;
    %jmp/1 T_13.12, 8;
T_13.11 ; End of true expr.
    %pushi/vec4 0, 0, 32;
    %jmp/0 T_13.12, 8;
 ; End of false expr.
    %blend;
T_13.12;
    %store/vec4 v0000022badea3d90_0, 0, 32;
    %jmp T_13.10;
T_13.10 ;
    %pop/vec4 1;
    %load/vec4 v0000022badea3d90_0;
    %cmpi/e 0, 0, 32;
    %flag_mov 8, 4;
    %jmp/0 T_13.13, 8;
    %pushi/vec4 1, 0, 1;
    %jmp/1 T_13.14, 8;
T_13.13 ; End of true expr.
    %pushi/vec4 0, 0, 1;
    %jmp/0 T_13.14, 8;
 ; End of false expr.
    %blend;
T_13.14;
    %store/vec4 v0000022badea3930_0, 0, 1;
    %jmp T_13;
    .thread T_13, $push;
    .scope S_0000022bade571a0;
T_14 ;
    %wait E_0000022bade8ad10;
    %load/vec4 v0000022bade907e0_0;
    %flag_set/vec4 8;
    %jmp/0 T_14.0, 8;
    %load/vec4 v0000022bade90c40_0;
    %jmp/1 T_14.1, 8;
T_14.0 ; End of true expr.
    %load/vec4 v0000022badea3610_0;
    %jmp/0 T_14.1, 8;
 ; End of false expr.
    %blend;
T_14.1;
    %store/vec4 v0000022bade90d80_0, 0, 32;
    %jmp T_14;
    .thread T_14, $push;
    .scope S_0000022bade5a6e0;
T_15 ;
    %wait E_0000022bade8a4d0;
    %load/vec4 v0000022badea3390_0;
    %inv;
    %flag_set/vec4 8;
    %jmp/0xz  T_15.0, 8;
    %pushi/vec4 0, 0, 32;
    %store/vec4 v0000022badea2710_0, 0, 32;
T_15.2 ;
    %load/vec4 v0000022badea2710_0;
    %cmpi/s 64, 0, 32;
    %jmp/0xz T_15.3, 5;
    %pushi/vec4 0, 0, 32;
    %ix/getv/s 3, v0000022badea2710_0;
    %ix/load 4, 0, 0; Constant delay
    %assign/vec4/a/d v0000022badea3c50, 0, 4;
    %load/vec4 v0000022badea2710_0;
    %addi 1, 0, 32;
    %store/vec4 v0000022badea2710_0, 0, 32;
    %jmp T_15.2;
T_15.3 ;
    %jmp T_15.1;
T_15.0 ;
    %load/vec4 v0000022badea27b0_0;
    %flag_set/vec4 8;
    %jmp/0xz  T_15.4, 8;
    %load/vec4 v0000022badea3b10_0;
    %load/vec4 v0000022badea3e30_0;
    %parti/s 6, 0, 2;
    %pad/u 8;
    %ix/vec4 3;
    %ix/load 4, 0, 0; Constant delay
    %assign/vec4/a/d v0000022badea3c50, 0, 4;
T_15.4 ;
T_15.1 ;
    %jmp T_15;
    .thread T_15;
    .scope S_0000022bade73ce0;
T_16 ;
    %wait E_0000022bade8add0;
    %load/vec4 v0000022badea3570_0;
    %flag_set/vec4 8;
    %jmp/0 T_16.0, 8;
    %load/vec4 v0000022badea3430_0;
    %jmp/1 T_16.1, 8;
T_16.0 ; End of true expr.
    %load/vec4 v0000022badea2cb0_0;
    %jmp/0 T_16.1, 8;
 ; End of false expr.
    %blend;
T_16.1;
    %store/vec4 v0000022badea34d0_0, 0, 32;
    %jmp T_16;
    .thread T_16, $push;
    .scope S_0000022bade951f0;
T_17 ;
    %delay 2, 0;
    %load/vec4 v0000022badf33d20_0;
    %inv;
    %store/vec4 v0000022badf33d20_0, 0, 1;
    %jmp T_17;
    .thread T_17;
    .scope S_0000022bade951f0;
T_18 ;
    %wait E_0000022bade8c810;
    %vpi_call 2 35 "$monitor", "Time=%0t | PC=%h | Instr=%h | AluIn1=%h | AluIn2=%h | AluOut=%h", $time, v0000022badf336e0_0, v0000022badf330a0_0, v0000022badf33500_0, v0000022badf33e60_0, v0000022badf33820_0 {0 0 0};
    %jmp T_18;
    .thread T_18;
    .scope S_0000022bade951f0;
T_19 ;
    %delay 2, 0;
    %pushi/vec4 0, 0, 1;
    %store/vec4 v0000022badf33d20_0, 0, 1;
    %pushi/vec4 1, 0, 1;
    %store/vec4 v0000022badf333c0_0, 0, 1;
    %vpi_call 2 42 "$dumpfile", "RISCV_tb.vcd" {0 0 0};
    %vpi_call 2 43 "$dumpvars", 32'sb00000000000000000000000000000000, S_0000022bade951f0 {0 0 0};
    %delay 100, 0;
    %vpi_call 2 55 "$finish" {0 0 0};
    %end;
    .thread T_19;
# The file index is used to find the file name in the following table.
:file_names 4;
    "N/A";
    "<interactive>";
    "RISCV_tb.v";
    "./riscv.v";
